<html>
<body>
<pre>
<h1>礦ision Build Log</h1>
<h2>Project:</h2>
G:\毕业设计\程序\基于ucosii的扫地机器人\USER\CR_UCOSII.uvproj
Project File Date:  03/07/2016

<h2>Output:</h2>
Build target 'Target 1'
compiling trouble-deal.c...
compiling ble-contral.c...
linking...
Program Size: Code=19120 RO-data=592 RW-data=128 ZI-data=5800  
FromELF: creating hex file...
"..\OBJ\CR_UCOSII.axf" - 0 Error(s), 0 Warning(s).
</pre>
</body>
</html>
D: last line of file ends without a newline
  #include "ble-contral.h"
APP\ble-contral.c: 1 warning, 0 errors
linking...
Program Size: Code=19120 RO-data=592 RW-data=128 ZI-data=5800  
FromELF: creating hex file...
"..\OBJ\CR_UCOSII.axf" - 0 Error(s), 2 Warning(s).
s_q.c...
compiling os_sem.c...
compiling os_task.c...
compiling os_time.c...
compiling os_tmr.c...
compiling os_cpu_c.c...
linking...
Program Size: Code=19044 RO-data=592 RW-data=128 ZI-data=5800  
FromELF: creating hex file...
"..\OBJ\CR_UCOSII.axf" - 0 Error(s), 0 Warning(s).
t not created
(s), 0 Warning(s).
Target not created
compiling main.c...
main.c(106): error:  #29: expected an expression
        OSTaskCreate(walk_task,(void *)0,(OS_STK*)&WALK_TASK_STK[WALK_STK_SIZE-1],WALK_TASK_PRIO);         
main.c(108): error:  #29: expected an expression
        OSTaskCreate(TroubleDeal_task,(void *)0,(OS_STK*)&TROUBLEDEAL_TASK_STK[TROUBLEDEAL_STK_SIZE-1],TROUBLEDEAL_TASK_PRIO);                                                  OSTaskCreate(walk_task,(void *)0,(OS_STK*)&WALK_TASK_STK[WALK_STK_SIZE-1],WALK_TASK_PRIO);   
main.c: 0 warnings, 2 errors
"main.c" - 2 Error(s), 0 Warning(s).
