Product: MDK-ARM Professional 5.10
Component: ARM Compiler 5.04 update 1 (build 49)
Tool: armlink [5040049]

==============================================================================

Section Cross References

    main.o(.text) refers to _printf_percent.o(.ARM.Collect$$_printf_percent$$00000000) for _printf_percent
    main.o(.text) refers to _printf_c.o(.ARM.Collect$$_printf_percent$$00000013) for _printf_c
    main.o(.text) refers to _printf_str.o(.text) for _printf_str
    main.o(.text) refers to _printf_d.o(.ARM.Collect$$_printf_percent$$00000009) for _printf_d
    main.o(.text) refers to _printf_dec.o(.text) for _printf_int_dec
    main.o(.text) refers to noretval__2printf.o(.text) for __2printf
    main.o(.text) refers to delay.o(.text) for delay_ms
    main.o(.text) refers to os_mbox.o(.text) for OSMboxPend
    main.o(.text) refers to ble-contral.o(.text) for Deal_BLE_Dat
    main.o(.text) refers to os_flag.o(.text) for OSFlagPost
    main.o(.text) refers to strlen.o(.text) for strlen
    main.o(.text) refers to os_cpu_a.o(.text) for OS_CPU_SR_Save
    main.o(.text) refers to walk-contral.o(.text) for CR_Walk_Contral
    main.o(.text) refers to os_sem.o(.text) for OSSemPend
    main.o(.text) refers to os_task.o(.text) for OSTaskCreate
    main.o(.text) refers to sys.o(.text) for NVIC_Configuration
    main.o(.text) refers to led.o(.text) for LED_Init
    main.o(.text) refers to usart.o(.text) for uart_init
    main.o(.text) refers to os_core.o(.text) for OSInit
    main.o(.text) refers to main.o(.data) for msg_ble_data
    main.o(.text) refers to ble-contral.o(.data) for USART2_RX_STA
    main.o(.text) refers to main.o(.bss) for STATDISTANCE_TASK_STK
    system_stm32f10x.o(.text) refers to system_stm32f10x.o(.data) for SystemCoreClock
    walk-contral.o(.text) refers to stm32f10x_rcc.o(.text) for RCC_APB2PeriphClockCmd
    walk-contral.o(.text) refers to stm32f10x_gpio.o(.text) for GPIO_Init
    walk-contral.o(.text) refers to pwm.o(.text) for TIM1_PWM_Init
    ble-contral.o(.text) refers to strstr.o(.text) for strstr
    ble-contral.o(.text) refers to os_core.o(.text) for OS_MemCopy
    ble-contral.o(.text) refers to stm32f10x_rcc.o(.text) for RCC_APB2PeriphClockCmd
    ble-contral.o(.text) refers to stm32f10x_usart.o(.text) for USART_DeInit
    ble-contral.o(.text) refers to stm32f10x_gpio.o(.text) for GPIO_Init
    ble-contral.o(.text) refers to misc.o(.text) for NVIC_Init
    ble-contral.o(.text) refers to os_mbox.o(.text) for OSMboxPost
    ble-contral.o(.text) refers to strlen.o(.text) for strlen
    ble-contral.o(.text) refers to ble-contral.o(.data) for USART2_RX_STA
    ble-contral.o(.text) refers to ble-contral.o(.bss) for USART2_RX_BUF
    ble-contral.o(.text) refers to main.o(.data) for msg_ble_data
    led.o(.text) refers to stm32f10x_rcc.o(.text) for RCC_APB2PeriphClockCmd
    led.o(.text) refers to stm32f10x_gpio.o(.text) for GPIO_Init
    pwm.o(.text) refers to stm32f10x_rcc.o(.text) for RCC_APB2PeriphClockCmd
    pwm.o(.text) refers to stm32f10x_gpio.o(.text) for GPIO_PinRemapConfig
    pwm.o(.text) refers to stm32f10x_tim.o(.text) for TIM_TimeBaseInit
    pwm.o(.text) refers to misc.o(.text) for NVIC_Init
    pwm.o(.text) refers to os_core.o(.text) for OSIntEnter
    pwm.o(.text) refers to os_sem.o(.text) for OSSemPost
    pwm.o(.text) refers to main.o(.data) for sem_per_PWM
    delay.o(.text) refers to os_core.o(.text) for OSIntEnter
    delay.o(.text) refers to misc.o(.text) for SysTick_CLKSourceConfig
    delay.o(.text) refers to os_time.o(.text) for OSTimeDly
    delay.o(.text) refers to system_stm32f10x.o(.data) for SystemCoreClock
    delay.o(.text) refers to delay.o(.data) for fac_us
    delay.o(.text) refers to os_core.o(.data) for OSRunning
    sys.o(.text) refers to misc.o(.text) for NVIC_PriorityGroupConfig
    usart.o(.text) refers (Special) to use_no_semi_2.o(.text) for __use_no_semihosting
    usart.o(.text) refers to stm32f10x_rcc.o(.text) for RCC_APB2PeriphClockCmd
    usart.o(.text) refers to stm32f10x_usart.o(.text) for USART_DeInit
    usart.o(.text) refers to stm32f10x_gpio.o(.text) for GPIO_Init
    usart.o(.text) refers to misc.o(.text) for NVIC_Init
    usart.o(.text) refers to os_core.o(.text) for OSIntEnter
    usart.o(.text) refers to usart.o(.data) for USART_RX_STA
    usart.o(.text) refers to usart.o(.bss) for USART_RX_BUF
    usart.o(.bss) refers (Special) to use_no_semi_2.o(.text) for __use_no_semihosting
    usart.o(.data) refers (Special) to use_no_semi_2.o(.text) for __use_no_semihosting
    startup_stm32f10x_hd.o(STACK) refers (Special) to heapauxi.o(.text) for __use_two_region_memory
    startup_stm32f10x_hd.o(HEAP) refers (Special) to heapauxi.o(.text) for __use_two_region_memory
    startup_stm32f10x_hd.o(RESET) refers (Special) to heapauxi.o(.text) for __use_two_region_memory
    startup_stm32f10x_hd.o(RESET) refers to startup_stm32f10x_hd.o(STACK) for __initial_sp
[...]
    ../clib/angel/scatter.s                  0x00000000   Number         0  __scatter.o ABSOLUTE
    ../clib/angel/startup.s                  0x00000000   Number         0  __main.o ABSOLUTE
    ../clib/angel/sys.s                      0x00000000   Number         0  use_no_semi_2.o ABSOLUTE
    ../clib/angel/sys.s                      0x00000000   Number         0  libspace.o ABSOLUTE
    ../clib/angel/sys.s                      0x00000000   Number         0  indicate_semi.o ABSOLUTE
    ../clib/angel/sys.s                      0x00000000   Number         0  use_no_semi.o ABSOLUTE
    ../clib/angel/sys.s                      0x00000000   Number         0  sys_stackheap_outer.o ABSOLUTE
    ../clib/angel/sysapp.c                   0x00000000   Number         0  sys_wrch.o ABSOLUTE
    ../clib/angel/sysapp.c                   0x00000000   Number         0  sys_command.o ABSOLUTE
    ../clib/armsys.c                         0x00000000   Number         0  argv_veneer.o ABSOLUTE
    ../clib/armsys.c                         0x00000000   Number         0  _get_argv_nomalloc.o ABSOLUTE
    ../clib/armsys.c                         0x00000000   Number         0  argv_veneer.o ABSOLUTE
    ../clib/armsys.c                         0x00000000   Number         0  no_argv.o ABSOLUTE
    ../clib/heapalloc.c                      0x00000000   Number         0  hrguard.o ABSOLUTE
    ../clib/heapaux.c                        0x00000000   Number         0  heapauxi.o ABSOLUTE
    ../clib/libinit.s                        0x00000000   Number         0  libinit.o ABSOLUTE
    ../clib/libinit.s                        0x00000000   Number         0  libinit2.o ABSOLUTE
    ../clib/libinit.s                        0x00000000   Number         0  libshutdown2.o ABSOLUTE
    ../clib/libinit.s                        0x00000000   Number         0  libshutdown.o ABSOLUTE
    ../clib/printf.c                         0x00000000   Number         0  _printf_char.o ABSOLUTE
    ../clib/printf.c                         0x00000000   Number         0  __2printf.o ABSOLUTE
    ../clib/printf.c                         0x00000000   Number         0  noretval__2printf.o ABSOLUTE
    ../clib/printf.c                         0x00000000   Number         0  _printf_intcommon.o ABSOLUTE
    ../clib/printf.c                         0x00000000   Number         0  __printf_flags_wp.o ABSOLUTE
    ../clib/printf.c                         0x00000000   Number         0  __printf.o ABSOLUTE
    ../clib/printf.c                         0x00000000   Number         0  _printf_str.o ABSOLUTE
    ../clib/printf.c                         0x00000000   Number         0  __printf_flags_ss_wp.o ABSOLUTE
    ../clib/printf.c                         0x00000000   Number         0  __printf_ss_wp.o ABSOLUTE
    ../clib/printf.c                         0x00000000   Number         0  __printf_flags.o ABSOLUTE
    ../clib/printf.c                         0x00000000   Number         0  __printf_ss.o ABSOLUTE
    ../clib/printf.c                         0x00000000   Number         0  __printf_flags_ss.o ABSOLUTE
    ../clib/printf.c                         0x00000000   Number         0  __printf_wp.o ABSOLUTE
    ../clib/printf.c                         0x00000000   Number         0  _printf_dec.o ABSOLUTE
    ../clib/printf.c                         0x00000000   Number         0  _printf_char_file.o ABSOLUTE
    ../clib/printf.c                         0x00000000   Number         0  __printf_nopercent.o ABSOLUTE
    ../clib/printf.c                         0x00000000   Number         0  _printf_char_common.o ABSOLUTE
    ../clib/printf_percent.s                 0x00000000   Number         0  _printf_percent.o ABSOLUTE
    ../clib/printf_percent.s                 0x00000000   Number         0  _printf_c.o ABSOLUTE
    ../clib/printf_percent.s                 0x00000000   Number         0  _printf_d.o ABSOLUTE
    ../clib/printf_percent.s                 0x00000000   Number         0  _printf_percent_end.o ABSOLUTE
    ../clib/signal.c                         0x00000000   Number         0  defsig_stak_inner.o ABSOLUTE
    ../clib/signal.c                         0x00000000   Number         0  defsig_general.o ABSOLUTE
    ../clib/signal.c                         0x00000000   Number         0  defsig_rtmem_formal.o ABSOLUTE
    ../clib/signal.c                         0x00000000   Number         0  defsig_rtmem_outer.o ABSOLUTE
    ../clib/signal.c                         0x00000000   Number         0  defsig_pvfn_inner.o ABSOLUTE
    ../clib/signal.c                         0x00000000   Number         0  defsig_rtmem_inner.o ABSOLUTE
    ../clib/signal.c                         0x00000000   Number         0  defsig_exit.o ABSOLUTE
    ../clib/signal.c                         0x00000000   Number         0  defsig_segv_inner.o ABSOLUTE
    ../clib/signal.c                         0x00000000   Number         0  defsig_fpe_inner.o ABSOLUTE
    ../clib/signal.c                         0x00000000   Number         0  defsig_other.o ABSOLUTE
    ../clib/signal.c                         0x00000000   Number         0  defsig_abrt_inner.o ABSOLUTE
    ../clib/signal.c                         0x00000000   Number         0  __raise.o ABSOLUTE
    ../clib/signal.c                         0x00000000   Number         0  defsig_rtred_inner.o ABSOLUTE
    ../clib/signal.c                         0x00000000   Number         0  defsig_cppl_inner.o ABSOLUTE
    ../clib/signal.s                         0x00000000   Number         0  defsig.o ABSOLUTE
    ../clib/stdio.c                          0x00000000   Number         0  ferror.o ABSOLUTE
    ../clib/stdio.c                          0x00000000   Number         0  ferror_locked.o ABSOLUTE
    ../clib/stdlib.c                         0x00000000   Number         0  exit.o ABSOLUTE
    ../clib/string.c                         0x00000000   Number         0  strstr.o ABSOLUTE
    ../clib/string.c                         0x00000000   Number         0  strlen.o ABSOLUTE
    ../fplib/fpinit.s                        0x00000000   Number         0  fpinit.o ABSOLUTE
    ..\CORE\core_cm3.c                       0x00000000   Number         0  core_cm3.o ABSOLUTE
    ..\CORE\startup_stm32f10x_hd.s           0x00000000   Number         0  startup_stm32f10x_hd.o ABSOLUTE
    ..\HARDWARE\LED\led.c                    0x00000000   Number         0  led.o ABSOLUTE
    ..\HARDWARE\PWM\pwm.c                    0x00000000   Number         0  pwm.o ABSOLUTE
    ..\STM32F10x_FWLib\src\misc.c            0x00000000   Number         0  misc.o ABSOLUTE
    ..\STM32F10x_FWLib\src\stm32f10x_gpio.c  0x00000000   Number         0  stm32f10x_gpio.o ABSOLUTE
    ..\STM32F10x_FWLib\src\stm32f10x_rcc.c   0x00000000   Number         0  stm32f10x_rcc.o ABSOLUTE
    ..\STM32F10x_FWLib\src\stm32f10x_tim.c   0x00000000   Number         0  stm32f10x_tim.o ABSOLUTE
    ..\STM32F10x_FWLib\src\stm32f10x_usart.c 0x00000000   Number         0  stm32f10x_usart.o ABSOLUTE
    ..\SYSTEM\delay\delay.c                  0x00000000   Number         0  delay.o ABSOLUTE
    ..\SYSTEM\sys\sys.c                      0x00000000   Number         0  sys.o ABSOLUTE
    ..\SYSTEM\usart\usart.c                  0x00000000   Number         0  usart.o ABSOLUTE
    ..\UCOSII\CORE\os_core.c                 0x00000000   Number         0  os_core.o ABSOLUTE
    ..\UCOSII\CORE\os_flag.c                 0x00000000   Number         0  os_flag.o ABSOLUTE
    ..\UCOSII\CORE\os_mbox.c                 0x00000000   Number         0  os_mbox.o ABSOLUTE
    ..\UCOSII\CORE\os_mem.c                  0x00000000   Number         0  os_mem.o ABSOLUTE
    ..\UCOSII\CORE\os_mutex.c                0x00000000   Number         0  os_mutex.o ABSOLUTE
    ..\UCOSII\CORE\os_q.c                    0x00000000   Number         0  os_q.o ABSOLUTE
    ..\UCOSII\CORE\os_sem.c                  0x00000000   Number         0  os_sem.o ABSOLUTE
    ..\UCOSII\CORE\os_task.c                 0x00000000   Number         0  os_task.o ABSOLUTE
    ..\UCOSII\CORE\os_time.c                 0x00000000   Number         0  os_time.o ABSOLUTE
    ..\UCOSII\CORE\os_tmr.c                  0x00000000   Number         0  os_tmr.o ABSOLUTE
    ..\UCOSII\PORT\os_cpu_a.asm              0x00000000   Number         0  os_cpu_a.o ABSOLUTE
    ..\UCOSII\PORT\os_cpu_c.c                0x00000000   Number         0  os_cpu_c.o ABSOLUTE
    ..\\CORE\\core_cm3.c                     0x00000000   Number         0  core_cm3.o ABSOLUTE
    APP\ble-contral.c                        0x00000000   Number         0  ble-contral.o ABSOLUTE
    APP\trouble-deal.c                       0x00000000   Number         0  trouble-deal.o ABSOLUTE
    APP\walk-contral.c                       0x00000000   Number         0  walk-contral.o ABSOLUTE
    dc.s                                     0x00000000   Number         0  dc.o ABSOLUTE
    main.c                                   0x00000000   Number         0  main.o ABSOLUTE
    stm32f10x_it.c                           0x00000000   Number         0  stm32f10x_it.o ABSOLUTE
    system_stm32f10x.c                       0x00000000   Number         0  system_stm32f10x.o ABSOLUTE
    RESET                                    0x08000000   Section      304  startup_stm32f10x_hd.o(RESET)
    !!!main                                  0x08000130   Section        8  __main.o(!!!main)
    !!!scatter                               0x08000138   Section       52  __scatter.o(!!!scatter)
    !!handler_copy                           0x0800016c   Section       26  __scatter_copy.o(!!handler_copy)
    !!handler_zi                             0x08000188   Section       28  __scatter_zi.o(!!handler_zi)
    .ARM.Collect$$_printf_percent$$00000000  0x080001a4   Section        0  _printf_percent.o(.ARM.Collect$$_printf_percent$$00000000)
    .ARM.Collect$$_printf_percent$$00000009  0x080001a4   Section        6  _printf_d.o(.ARM.Collect$$_printf_percent$$00000009)
    .ARM.Collect$$_printf_percent$$00000013  0x080001aa   Section        6  _printf_c.o(.ARM.Collect$$_printf_percent$$00000013)
    .ARM.Collect$$_printf_percent$$00000017  0x080001b0   Section        4  _printf_percent_end.o(.ARM.Collect$$_printf_percent$$00000017)
    .ARM.Collect$$libinit$$00000000          0x080001b4   Section        2  libinit.o(.ARM.Collect$$libinit$$00000000)
    .ARM.Collect$$libinit$$00000002          0x080001b6   Section        0  libinit2.o(.ARM.Collect$$libinit$$00000002)
    .ARM.Collect$$libinit$$00000008          0x080001b6   Section        0  libinit2.o(.ARM.Collect$$libinit$$00000008)
    .ARM.Collect$$libinit$$0000000A          0x080001b6   Section        0  libinit2.o(.ARM.Collect$$libinit$$0000000A)
    .ARM.Collect$$libinit$$0000000C          0x080001b6   Section        0  libinit2.o(.ARM.Collect$$libinit$$0000000C)
    .ARM.Collect$$libinit$$0000000F          0x080001b6   Section        0  libinit2.o(.ARM.Collect$$libinit$$0000000F)
    .ARM.Collect$$libinit$$00000011          0x080001b6   Section        0  libinit2.o(.ARM.Collect$$libinit$$00000011)
    .ARM.Collect$$libinit$$00000013          0x080001b6   Section        0  libinit2.o(.ARM.Collect$$libinit$$00000013)
    .ARM.Collect$$libinit$$00000015          0x080001b6   Section        0  libinit2.o(.ARM.Collect$$libinit$$00000015)
    .ARM.Collect$$libinit$$00000017          0x080001b6   Section        0  libinit2.o(.ARM.Collect$$libinit$$00000017)
    .ARM.Collect$$libinit$$00000019          0x080001b6   Section        0  libinit2.o(.ARM.Collect$$libinit$$00000019)
    .ARM.Collect$$libinit$$0000001B          0x080001b6   Section        0  libinit2.o(.ARM.Collect$$libinit$$0000001B)
    .ARM.Collect$$libinit$$0000001D          0x080001b6   Section        0  libinit2.o(.ARM.Collect$$libinit$$0000001D)
    .ARM.Collect$$libinit$$0000001F          0x080001b6   Section        0  libinit2.o(.ARM.Collect$$libinit$$0000001F)
    .ARM.Collect$$libinit$$00000021          0x080001b6   Section        0  libinit2.o(.ARM.Collect$$libinit$$00000021)
    .ARM.Collect$$libinit$$00000023          0x080001b6   Section        0  libinit2.o(.ARM.Collect$$libinit$$00000023)
    .ARM.Collect$$libinit$$0000002A          0x080001b6   Section        0  libinit2.o(.ARM.Collect$$libinit$$0000002A)
    .ARM.Collect$$libinit$$0000002C          0x080001b6   Section        0  libinit2.o(.ARM.Collect$$libinit$$0000002C)
    .ARM.Collect$$libinit$$0000002E          0x080001b6   Section        0  libinit2.o(.ARM.Collect$$libinit$$0000002E)
    .ARM.Collect$$libinit$$00000030          0x080001b6   Section        0  libinit2.o(.ARM.Collect$$libinit$$00000030)
    .ARM.Collect$$libinit$$00000031          0x080001b6   Section        2  libinit2.o(.ARM.Collect$$libinit$$00000031)
    .ARM.Collect$$libshutdown$$00000000      0x080001b8   Section        2  libshutdown.o(.ARM.Collect$$libshutdown$$00000000)
    .ARM.Collect$$libshutdown$$00000003      0x080001ba   Section        0  libshutdown2.o(.ARM.Collect$$libshutdown$$00000003)
    .ARM.Collect$$libshutdown$$00000006      0x080001ba   Section        0  libshutdown2.o(.ARM.Collect$$libshutdown$$00000006)
    .ARM.Collect$$libshutdown$$00000009      0x080001ba   Section        0  libshutdown2.o(.ARM.Collect$$libshutdown$$00000009)
    .ARM.Collect$$libshutdown$$0000000B      0x080001ba   Section        0  libshutdown2.o(.ARM.Collect$$libshutdown$$0000000B)
    .ARM.Collect$$libshutdown$$0000000E      0x080001ba   Section        0  libshutdown2.o(.ARM.Collect$$libshutdown$$0000000E)
    .ARM.Collect$$libshutdown$$0000000F      0x080001ba   Section        2  libshutdown2.o(.ARM.Collect$$libshutdown$$0000000F)
    .ARM.Collect$$rtentry$$00000000          0x080001bc   Section        0  rtentry.o(.ARM.Collect$$rtentry$$00000000)
    .ARM.Collect$$rtentry$$00000002          0x080001bc   Section        0  rtentry2.o(.ARM.Collect$$rtentry$$00000002)
    .ARM.Collect$$rtentry$$00000004          0x080001bc   Section        6  rtentry4.o(.ARM.Collect$$rtentry$$00000004)
    .ARM.Collect$$rtentry$$00000009          0x080001c2   Section        0  rtentry2.o(.ARM.Collect$$rtentry$$00000009)
    .ARM.Collect$$rtentry$$0000000A          0x080001c2   Section        4  rtentry2.o(.ARM.Collect$$rtentry$$0000000A)
    .ARM.Collect$$rtentry$$0000000C          0x080001c6   Section        0  rtentry2.o(.ARM.Collect$$rtentry$$0000000C)
    .ARM.Collect$$rtentry$$0000000D          0x080001c6   Section        8  rtentry2.o(.ARM.Collect$$rtentry$$0000000D)
    .ARM.Collect$$rtexit$$00000000           0x080001ce   Section        2  rtexit.o(.ARM.Collect$$rtexit$$00000000)
    .ARM.Collect$$rtexit$$00000002           0x080001d0   Section        0  rtexit2.o(.ARM.Collect$$rtexit$$00000002)
    .ARM.Collect$$rtexit$$00000003           0x080001d0   Section        4  rtexit2.o(.ARM.Collect$$rtexit$$00000003)
    .ARM.Collect$$rtexit$$00000004           0x080001d4   Section        6  rtexit2.o(.ARM.Collect$$rtexit$$00000004)
    .text                                    0x080001dc   Section        0  main.o(.text)
    .text                                    0x08000660   Section        0  stm32f10x_it.o(.text)
    .text                                    0x08000678   Section        0  system_stm32f10x.o(.text)
    SetSysClockTo72                          0x08000679   Thumb Code   214  system_stm32f10x.o(.text)
    SetSysClock                              0x0800074f   Thumb Code     8  system_stm32f10x.o(.text)
    .text                                    0x08000858   Section        0  walk-contral.o(.text)
    CR_RWalk_Go                              0x08000859   Thumb Code    32  walk-contral.o(.text)
    CR_LWalk_Go                              0x08000879   Thumb Code    32  walk-contral.o(.text)
    CR_Walk_Stop                             0x08000899   Thumb Code    50  walk-contral.o(.text)
    WalkCtrl_GPIO_Init                       0x080008cb   Thumb Code    16  walk-contral.o(.text)
    Stop                                     0x080008ef   Thumb Code    12  walk-contral.o(.text)
    CR_Walk_Start                            0x080008fb   Thumb Code    32  walk-contral.o(.text)
    Start                                    0x0800091b   Thumb Code    16  walk-contral.o(.text)
    CR_LWalk_Back                            0x0800092b   Thumb Code    46  walk-contral.o(.text)
    CR_RWalk_Back                            0x08000959   Thumb Code    46  walk-contral.o(.text)
    TurnRigh                                 0x08000987   Thumb Code    16  walk-contral.o(.text)
    TurnLeft                                 0x08000997   Thumb Code    16  walk-contral.o(.text)
    Go                                       0x080009a7   Thumb Code    16  walk-contral.o(.text)
    Back                                     0x080009b7   Thumb Code    16  walk-contral.o(.text)
    .text                                    0x08000a08   Section        0  ble-contral.o(.text)
    uart2_init                               0x08000a73   Thumb Code   160  ble-contral.o(.text)
    check_crc                                0x08000b1f   Thumb Code   140  ble-contral.o(.text)
    .text                                    0x08000c70   Section        0  led.o(.text)
    .text                                    0x08000cac   Section        0  pwm.o(.text)
    .text                                    0x08000e24   Section        0  delay.o(.text)
    .text                                    0x08000f18   Section        0  sys.o(.text)
    .text                                    0x08000f24   Section        0  usart.o(.text)
    .text                                    0x08001074   Section       64  startup_stm32f10x_hd.o(.text)
    .text                                    0x080010b4   Section        0  stm32f10x_gpio.o(.text)
    .text                                    0x08001410   Section        0  stm32f10x_rcc.o(.text)
    .text                                    0x080017b4   Section        0  stm32f10x_usart.o(.text)
    .text                                    0x08001bbc   Section        0  misc.o(.text)
    .text                                    0x08001c98   Section        0  stm32f10x_tim.o(.text)
    TI4_Config                               0x0800213f   Thumb Code   130  stm32f10x_tim.o(.text)
    TI3_Config                               0x080021d3   Thumb Code   122  stm32f10x_tim.o(.text)
    TI2_Config                               0x08002267   Thumb Code   130  stm32f10x_tim.o(.text)
    TI1_Config                               0x080022fb   Thumb Code   108  stm32f10x_tim.o(.text)
    .text                                    0x08002ab4   Section        0  os_core.o(.text)
    OS_InitTaskStat                          0x08002b5f   Thumb Code    52  os_core.o(.text)
    OS_InitTaskIdle                          0x08002bb5   Thumb Code    52  os_core.o(.text)
    OS_InitEventList                         0x08002bfb   Thumb Code    74  os_core.o(.text)
    OS_InitTCBList                           0x08002c45   Thumb Code   106  os_core.o(.text)
    OS_InitRdyList                           0x08002caf   Thumb Code    44  os_core.o(.text)
    OS_InitMisc                              0x08002cdb   Thumb Code    44  os_core.o(.text)
    OS_SchedNew                              0x08002d4f   Thumb Code    26  os_core.o(.text)
    .text                                    0x08003344   Section        0  os_flag.o(.text)
    OS_FlagTaskRdy                           0x080034bb   Thumb Code    82  os_flag.o(.text)
    OS_FlagBlock                             0x08003675   Thumb Code   152  os_flag.o(.text)
    .text                                    0x08003b50   Section        0  os_mbox.o(.text)
    .text                                    0x08003f1c   Section        0  os_q.o(.text)
    .text                                    0x08004504   Section        0  os_sem.o(.text)
    .text                                    0x08004890   Section        0  os_task.o(.text)
    .text                                    0x08005054   Section        0  os_time.o(.text)
    .text                                    0x08005204   Section        0  os_cpu_c.o(.text)
    .text                                    0x080052b4   Section      180  os_cpu_a.o(.text)
    .text                                    0x08005368   Section        2  use_no_semi_2.o(.text)
    .text                                    0x0800536c   Section        0  noretval__2printf.o(.text)
    .text                                    0x08005384   Section        0  __printf.o(.text)
    .text                                    0x080053ec   Section        0  _printf_str.o(.text)
    .text                                    0x08005440   Section        0  _printf_dec.o(.text)
    .text                                    0x080054b4   Section        0  strstr.o(.text)
    .text                                    0x080054d8   Section        0  strlen.o(.text)
    .text                                    0x08005516   Section        0  heapauxi.o(.text)
    .text                                    0x0800551c   Section        2  use_no_semi.o(.text)
    .text                                    0x0800551e   Section        0  _printf_intcommon.o(.text)
    .text                                    0x080055d0   Section        0  _printf_char.o(.text)
    .text                                    0x080055fc   Section        0  _printf_char_file.o(.text)
    .text                                    0x08005620   Section        0  _printf_char_common.o(.text)
    _printf_input_char                       0x08005621   Thumb Code    10  _printf_char_common.o(.text)
    .text                                    0x08005650   Section        0  ferror.o(.text)
    .text                                    0x08005658   Section       74  sys_stackheap_outer.o(.text)
    .text                                    0x080056a2   Section        0  exit.o(.text)
    .text                                    0x080056b0   Section        8  libspace.o(.text)
    .constdata                               0x080056b8   Section      256  os_core.o(.constdata)
    .data                                    0x20000000   Section       24  main.o(.data)
    .data                                    0x20000018   Section       20  system_stm32f10x.o(.data)
    .data                                    0x2000002c   Section        2  ble-contral.o(.data)
    .data                                    0x2000002e   Section        4  delay.o(.data)
    fac_us                                   0x2000002e   Data           1  delay.o(.data)
    fac_ms                                   0x20000030   Data           2  delay.o(.data)
    .data                                    0x20000034   Section        6  usart.o(.data)
    .data                                    0x2000003a   Section       20  stm32f10x_rcc.o(.data)
    APBAHBPrescTable                         0x2000003a   Data          16  stm32f10x_rcc.o(.data)
    ADCPrescTable                            0x2000004a   Data           4  stm32f10x_rcc.o(.data)
    .data                                    0x20000050   Section       72  os_core.o(.data)
    .bss                                     0x20000098   Section     1536  main.o(.bss)
    .bss                                     0x20000698   Section      200  ble-contral.o(.bss)
    .bss                                     0x20000760   Section      200  usart.o(.bss)
    .bss                                     0x20000828   Section     2688  os_core.o(.bss)
    .bss                                     0x200012a8   Section       96  libspace.o(.bss)
    HEAP                                     0x20001308   Section      512  startup_stm32f10x_hd.o(HEAP)
    Heap_Mem                                 0x20001308   Data         512  startup_stm32f10x_hd.o(HEAP)
    STACK                                    0x20001508   Section     1024  startup_stm32f10x_hd.o(STACK)
    Stack_Mem                                0x20001508   Data        1024  startup_stm32f10x_hd.o(STACK)
    __initial_sp                             0x20001908   Data           0  startup_stm32f10x_hd.o(STACK)

    Global Symbols

    Symbol Name                              Value     Ov Type        Size  Object(Section)

    BuildAttributes$$THM_ISAv4$P$D$K$B$S$PE$A:L22UL41UL21$X:L11$S22US41US21$IEEE1$IW$USESV6$~STKCKD$USESV7$~SHL$OSPACE$ROPI$EBA8$UX$STANDARDLIB$REQ8$PRES8$EABIv2 0x00000000   Number         0  anon$$obj.o ABSOLUTE
    __ARM_use_no_argv                        0x00000000   Number         0  main.o ABSOLUTE
    __ARM_exceptions_init                     - Undefined Weak Reference
    __alloca_initialize                       - Undefined Weak Reference
    __cpp_initialize__aeabi_                  - Undefined Weak Reference
    __cxa_finalize                            - Undefined Weak Reference
    __rt_locale                               - Undefined Weak Reference
    __sigvec_lookup                           - Undefined Weak Reference
    _atexit_init                              - Undefined Weak Reference
    _call_atexit_fns                          - Undefined Weak Reference
    _clock_init                               - Undefined Weak Reference
    _fp_trap_init                             - Undefined Weak Reference
    _fp_trap_shutdown                         - Undefined Weak Reference
    _get_lc_collate                           - Undefined Weak Reference
    _get_lc_ctype                             - Undefined Weak Reference
    _get_lc_monetary                          - Undefined Weak Reference
    _get_lc_numeric                           - Undefined Weak Reference
    _get_lc_time                              - Undefined Weak Reference
    _getenv_init                              - Undefined Weak Reference
    _handle_redirection                       - Undefined Weak Reference
    _init_alloc                               - Undefined Weak Reference
    _init_user_alloc                          - Undefined Weak Reference
    _initio                                   - Undefined Weak Reference
    _mutex_acquire                            - Undefined Weak Reference
    _mutex_release                            - Undefined Weak Reference
    _printf_mbtowc                            - Undefined Weak Reference
    _printf_post_padding                      - Undefined Weak Reference
    _printf_pre_padding                       - Undefined Weak Reference
    _printf_truncate_signed                   - Undefined Weak Reference
    _printf_truncate_unsigned                 - Undefined Weak Reference
    _rand_init                                - Undefined Weak Reference
    _signal_finish                            - Undefined Weak Reference
    _signal_init                              - Undefined Weak Reference
    _terminate_alloc                          - Undefined Weak Reference
    _terminate_user_alloc                     - Undefined Weak Reference
    _terminateio                              - Undefined Weak Reference
    __Vectors_Size                           0x00000130   Number         0  startup_stm32f10x_hd.o ABSOLUTE
    __Vectors                                0x08000000   Data           4  startup_stm32f10x_hd.o(RESET)
    __Vectors_End                            0x08000130   Data           0  startup_stm32f10x_hd.o(RESET)
    __main                                   0x08000131   Thumb Code     8  __main.o(!!!main)
    __scatterload                            0x08000139   Thumb Code     0  __scatter.o(!!!scatter)
    __scatterload_rt2                        0x08000139   Thumb Code    44  __scatter.o(!!!scatter)
    __scatterload_rt2_thumb_only             0x08000139   Thumb Code     0  __scatter.o(!!!scatter)
    __scatterload_null                       0x08000147   Thumb Code     0  __scatter.o(!!!scatter)
    __scatterload_copy                       0x0800016d   Thumb Code    26  __scatter_copy.o(!!handler_copy)
    __scatterload_zeroinit                   0x08000189   Thumb Code    28  __scatter_zi.o(!!handler_zi)
    _printf_d                                0x080001a5   Thumb Code     0  _printf_d.o(.ARM.Collect$$_printf_percent$$00000009)
    _printf_percent                          0x080001a5   Thumb Code     0  _printf_percent.o(.ARM.Collect$$_printf_percent$$00000000)
    _printf_c                                0x080001ab   Thumb Code     0  _printf_c.o(.ARM.Collect$$_printf_percent$$00000013)
    _printf_percent_end                      0x080001b1   Thumb Code     0  _printf_percent_end.o(.ARM.Collect$$_printf_percent$$00000017)
    __rt_lib_init                            0x080001b5   Thumb Code     0  libinit.o(.ARM.Collect$$libinit$$00000000)
    __rt_lib_init_alloca_1                   0x080001b7   Thumb Code     0  libinit2.o(.ARM.Collect$$libinit$$0000002C)
    __rt_lib_init_argv_1                     0x080001b7   Thumb Code     0  libinit2.o(.ARM.Collect$$libinit$$0000002A)
    __rt_lib_init_atexit_1                   0x080001b7   Thumb Code     0  libinit2.o(.ARM.Collect$$libinit$$00000019)
    __rt_lib_init_clock_1                    0x080001b7   Thumb Code     0  libinit2.o(.ARM.Collect$$libinit$$0000001F)
    __rt_lib_init_cpp_1                      0x080001b7   Thumb Code     0  libinit2.o(.ARM.Collect$$libinit$$00000030)
    __rt_lib_init_exceptions_1               0x080001b7   Thumb Code     0  libinit2.o(.ARM.Collect$$libinit$$0000002E)
    __rt_lib_init_fp_1                       0x080001b7   Thumb Code     0  libinit2.o(.ARM.Collect$$libinit$$00000002)
    __rt_lib_init_fp_trap_1                  0x080001b7   Thumb Code     0  libinit2.o(.ARM.Collect$$libinit$$0000001D)
    __rt_lib_init_getenv_1                   0x080001b7   Thumb Code     0  libinit2.o(.ARM.Collect$$libinit$$00000021)
    __rt_lib_init_heap_1                     0x080001b7   Thumb Code     0  libinit2.o(.ARM.Collect$$libinit$$00000008)
    __rt_lib_init_lc_collate_1               0x080001b7   Thumb Code     0  libinit2.o(.ARM.Collect$$libinit$$0000000F)
    __rt_lib_init_lc_ctype_1                 0x080001b7   Thumb Code     0  libinit2.o(.ARM.Collect$$libinit$$00000011)
    __rt_lib_init_lc_monetary_1              0x080001b7   Thumb Code     0  libinit2.o(.ARM.Collect$$libinit$$00000013)
    __rt_lib_init_lc_numeric_1               0x080001b7   Thumb Code     0  libinit2.o(.ARM.Collect$$libinit$$00000015)
    __rt_lib_init_lc_time_1                  0x080001b7   Thumb Code     0  libinit2.o(.ARM.Collect$$libinit$$00000017)
    __rt_lib_init_rand_1                     0x080001b7   Thumb Code     0  libinit2.o(.ARM.Collect$$libinit$$0000000C)
    __rt_lib_init_return                     0x080001b7   Thumb Code     0  libinit2.o(.ARM.Collect$$libinit$$00000031)
    __rt_lib_init_signal_1                   0x080001b7   Thumb Code     0  libinit2.o(.ARM.Collect$$libinit$$0000001B)
    __rt_lib_init_stdio_1                    0x080001b7   Thumb Code     0  libinit2.o(.ARM.Collect$$libinit$$00000023)
    __rt_lib_init_user_alloc_1               0x080001b7   Thumb Code     0  libinit2.o(.ARM.Collect$$libinit$$0000000A)
    __rt_lib_shutdown                        0x080001b9   Thumb Code     0  libshutdown.o(.ARM.Collect$$libshutdown$$00000000)
    __rt_lib_shutdown_fp_trap_1              0x080001bb   Thumb Code     0  libshutdown2.o(.ARM.Collect$$libshutdown$$00000006)
    __rt_lib_shutdown_heap_1                 0x080001bb   Thumb Code     0  libshutdown2.o(.ARM.Collect$$libshutdown$$0000000E)
    __rt_lib_shutdown_return                 0x080001bb   Thumb Code     0  libshutdown2.o(.ARM.Collect$$libshutdown$$0000000F)
    __rt_lib_shutdown_signal_1               0x080001bb   Thumb Code     0  libshutdown2.o(.ARM.Collect$$libshutdown$$00000009)
    __rt_lib_shutdown_stdio_1                0x080001bb   Thumb Code     0  libshutdown2.o(.ARM.Collect$$libshutdown$$00000003)
    __rt_lib_shutdown_user_alloc_1           0x080001bb   Thumb Code     0  libshutdown2.o(.ARM.Collect$$libshutdown$$0000000B)
    __rt_entry                               0x080001bd   Thumb Code     0  rtentry.o(.ARM.Collect$$rtentry$$00000000)
    __rt_entry_presh_1                       0x080001bd   Thumb Code     0  rtentry2.o(.ARM.Collect$$rtentry$$00000002)
    __rt_entry_sh                            0x080001bd   Thumb Code     0  rtentry4.o(.ARM.Collect$$rtentry$$00000004)
    __rt_entry_li                            0x080001c3   Thumb Code     0  rtentry2.o(.ARM.Collect$$rtentry$$0000000A)
    __rt_entry_postsh_1                      0x080001c3   Thumb Code     0  rtentry2.o(.ARM.Collect$$rtentry$$00000009)
    __rt_entry_main                          0x080001c7   Thumb Code     0  rtentry2.o(.ARM.Collect$$rtentry$$0000000D)
    __rt_entry_postli_1                      0x080001c7   Thumb Code     0  rtentry2.o(.ARM.Collect$$rtentry$$0000000C)
    __rt_exit                                0x080001cf   Thumb Code     0  rtexit.o(.ARM.Collect$$rtexit$$00000000)
    __rt_exit_ls                             0x080001d1   Thumb Code     0  rtexit2.o(.ARM.Collect$$rtexit$$00000003)
    __rt_exit_prels_1                        0x080001d1   Thumb Code     0  rtexit2.o(.ARM.Collect$$rtexit$$00000002)
    __rt_exit_exit                           0x080001d5   Thumb Code     0  rtexit2.o(.ARM.Collect$$rtexit$$00000004)
    led0_task                                0x080001dd   Thumb Code    40  main.o(.text)
    TroubleDeal_task                         0x08000205   Thumb Code    18  main.o(.text)
    BLECtrl_task                             0x08000217   Thumb Code    98  main.o(.text)
    BCA                                      0x08000279   Thumb Code   124  main.o(.text)
    walk_task                                0x080002f5   Thumb Code   126  main.o(.text)
    StatDistance_task                        0x08000373   Thumb Code    50  main.o(.text)
    start_task                               0x080003a5   Thumb Code   168  main.o(.text)
    main                                     0x0800044d   Thumb Code    74  main.o(.text)
    NMI_Handler                              0x08000661   Thumb Code     2  stm32f10x_it.o(.text)
    HardFault_Handler                        0x08000663   Thumb Code     4  stm32f10x_it.o(.text)
    MemManage_Handler                        0x08000667   Thumb Code     4  stm32f10x_it.o(.text)
    BusFault_Handler                         0x0800066b   Thumb Code     4  stm32f10x_it.o(.text)
    UsageFault_Handler                       0x0800066f   Thumb Code     4  stm32f10x_it.o(.text)
    SVC_Handler                              0x08000673   Thumb Code     2  stm32f10x_it.o(.text)
    DebugMon_Handler                         0x08000675   Thumb Code     2  stm32f10x_it.o(.text)
    SystemInit                               0x08000757   Thumb Code    78  system_stm32f10x.o(.text)
    SystemCoreClockUpdate                    0x080007a5   Thumb Code   142  system_stm32f10x.o(.text)
    WalK_Init                                0x080008db   Thumb Code    20  walk-contral.o(.text)
    CR_Walk_Contral                          0x080009c7   Thumb Code    54  walk-contral.o(.text)
    Deal_BLE_Dat                             0x08000a09   Thumb Code   106  ble-contral.o(.text)
    BLE_init                                 0x08000b13   Thumb Code    12  ble-contral.o(.text)
    USART2_IRQHandler                        0x08000bab   Thumb Code   142  ble-contral.o(.text)
    puts_debug                               0x08000c39   Thumb Code    34  ble-contral.o(.text)
    Led_GPIO_Init                            0x08000c71   Thumb Code    38  led.o(.text)
    LED_Init                                 0x08000c97   Thumb Code    16  led.o(.text)
    TIM1_GPIO_Init                           0x08000cad   Thumb Code    48  pwm.o(.text)
    TIM1_GPIO_Sleep                          0x08000cdd   Thumb Code    34  pwm.o(.text)
    TIM1_PWM_Init                            0x08000cff   Thumb Code   156  pwm.o(.text)
    TIM1_PWM_Begin                           0x08000d9b   Thumb Code    52  pwm.o(.text)
    TIM1_PWM_Stop                            0x08000dcf   Thumb Code    24  pwm.o(.text)
    TIM1_UP_IRQHandler                       0x08000de7   Thumb Code    46  pwm.o(.text)
    SysTick_Handler                          0x08000e25   Thumb Code    16  delay.o(.text)
    delay_init                               0x08000e35   Thumb Code    76  delay.o(.text)
    delay_us                                 0x08000e81   Thumb Code    70  delay.o(.text)
    delay_ms                                 0x08000ec7   Thumb Code    62  delay.o(.text)
    NVIC_Configuration                       0x08000f19   Thumb Code    12  sys.o(.text)
    _sys_exit                                0x08000f25   Thumb Code     6  usart.o(.text)
    fputc                                    0x08000f2b   Thumb Code    24  usart.o(.text)
    uart_init                                0x08000f43   Thumb Code   158  usart.o(.text)
    USART1_IRQHandler                        0x08000fe1   Thumb Code   130  usart.o(.text)
    Reset_Handler                            0x08001075   Thumb Code     8  startup_stm32f10x_hd.o(.text)
    ADC1_2_IRQHandler                        0x0800108f   Thumb Code     0  startup_stm32f10x_hd.o(.text)
    ADC3_IRQHandler                          0x0800108f   Thumb Code     0  startup_stm32f10x_hd.o(.text)
    CAN1_RX1_IRQHandler                      0x0800108f   Thumb Code     0  startup_stm32f10x_hd.o(.text)
    CAN1_SCE_IRQHandler                      0x0800108f   Thumb Code     0  startup_stm32f10x_hd.o(.text)
    DMA1_Channel1_IRQHandler                 0x0800108f   Thumb Code     0  startup_stm32f10x_hd.o(.text)
    DMA1_Channel2_IRQHandler                 0x0800108f   Thumb Code     0  startup_stm32f10x_hd.o(.text)
    DMA1_Channel3_IRQHandler                 0x0800108f   Thumb Code     0  startup_stm32f10x_hd.o(.text)
    DMA1_Channel4_IRQHandler                 0x0800108f   Thumb Code     0  startup_stm32f10x_hd.o(.text)
    DMA1_Channel5_IRQHandler                 0x0800108f   Thumb Code     0  startup_stm32f10x_hd.o(.text)
    DMA1_Channel6_IRQHandler                 0x0800108f   Thumb Code     0  startup_stm32f10x_hd.o(.text)
    DMA1_Channel7_IRQHandler                 0x0800108f   Thumb Code     0  startup_stm32f10x_hd.o(.text)
    DMA2_Channel1_IRQHandler                 0x0800108f   Thumb Code     0  startup_stm32f10x_hd.o(.text)
    DMA2_Channel2_IRQHandler                 0x0800108f   Thumb Code     0  startup_stm32f10x_hd.o(.text)
    DMA2_Channel3_IRQHandler                 0x0800108f   Thumb Code     0  startup_stm32f10x_hd.o(.text)
    DMA2_Channel4_5_IRQHandler               0x0800108f   Thumb Code     0  startup_stm32f10x_hd.o(.text)
    EXTI0_IRQHandler                         0x0800108f   Thumb Code     0  startup_stm32f10x_hd.o(.text)
    EXTI15_10_IRQHandler                     0x0800108f   Thumb Code     0  startup_stm32f10x_hd.o(.text)
    EXTI1_IRQHandler                         0x0800108f   Thumb Code     0  startup_stm32f10x_hd.o(.text)
    EXTI2_IRQHandler                         0x0800108f   Thumb Code     0  startup_stm32f10x_hd.o(.text)
    EXTI3_IRQHandler                         0x0800108f   Thumb Code     0  startup_stm32f10x_hd.o(.text)
    EXTI4_IRQHandler                         0x0800108f   Thumb Code     0  startup_stm32f10x_hd.o(.text)
    EXTI9_5_IRQHandler                       0x0800108f   Thumb Code     0  startup_stm32f10x_hd.o(.text)
    FLASH_IRQHandler                         0x0800108f   Thumb Code     0  startup_stm32f10x_hd.o(.text)
    FSMC_IRQHandler                          0x0800108f   Thumb Code     0  startup_stm32f10x_hd.o(.text)
    I2C1_ER_IRQHandler                       0x0800108f   Thumb Code     0  startup_stm32f10x_hd.o(.text)
    I2C1_EV_IRQHandler                       0x0800108f   Thumb Code     0  startup_stm32f10x_hd.o(.text)
    I2C2_ER_IRQHandler                       0x0800108f   Thumb Code     0  startup_stm32f10x_hd.o(.text)
    I2C2_EV_IRQHandler                       0x0800108f   Thumb Code     0  startup_stm32f10x_hd.o(.text)
    PVD_IRQHandler                           0x0800108f   Thumb Code     0  startup_stm32f10x_hd.o(.text)
    RCC_IRQHandler                           0x0800108f   Thumb Code     0  startup_stm32f10x_hd.o(.text)
    RTCAlarm_IRQHandler                      0x0800108f   Thumb Code     0  startup_stm32f10x_hd.o(.text)
    RTC_IRQHandler                           0x0800108f   Thumb Code     0  startup_stm32f10x_hd.o(.text)
    SDIO_IRQHandler                          0x0800108f   Thumb Code     0  startup_stm32f10x_hd.o(.text)
    SPI1_IRQHandler                          0x0800108f   Thumb Code     0  startup_stm32f10x_hd.o(.text)
    SPI2_IRQHandler                          0x0800108f   Thumb Code     0  startup_stm32f10x_hd.o(.text)
    SPI3_IRQHandler                          0x0800108f   Thumb Code     0  startup_stm32f10x_hd.o(.text)
    TAMPER_IRQHandler                        0x0800108f   Thumb Code     0  startup_stm32f10x_hd.o(.text)
    TIM1_BRK_IRQHandler                      0x0800108f   Thumb Code     0  startup_stm32f10x_hd.o(.text)
    TIM1_CC_IRQHandler                       0x0800108f   Thumb Code     0  startup_stm32f10x_hd.o(.text)
    TIM1_TRG_COM_IRQHandler                  0x0800108f   Thumb Code     0  startup_stm32f10x_hd.o(.text)
    TIM2_IRQHandler                          0x0800108f   Thumb Code     0  startup_stm32f10x_hd.o(.text)
    TIM3_IRQHandler                          0x0800108f   Thumb Code     0  startup_stm32f10x_hd.o(.text)
    TIM4_IRQHandler                          0x0800108f   Thumb Code     0  startup_stm32f10x_hd.o(.text)
    TIM5_IRQHandler                          0x0800108f   Thumb Code     0  startup_stm32f10x_hd.o(.text)
    TIM6_IRQHandler                          0x0800108f   Thumb Code     0  startup_stm32f10x_hd.o(.text)
    TIM7_IRQHandler                          0x0800108f   Thumb Code     0  startup_stm32f10x_hd.o(.text)
    TIM8_BRK_IRQHandler                      0x0800108f   Thumb Code     0  startup_stm32f10x_hd.o(.text)
    TIM8_CC_IRQHandler                       0x0800108f   Thumb Code     0  startup_stm32f10x_hd.o(.text)
    TIM8_TRG_COM_IRQHandler                  0x0800108f   Thumb Code     0  startup_stm32f10x_hd.o(.text)
    TIM8_UP_IRQHandler                       0x0800108f   Thumb Code     0  startup_stm32f10x_hd.o(.text)
    UART4_IRQHandler                         0x0800108f   Thumb Code     0  startup_stm32f10x_hd.o(.text)
    UART5_IRQHandler                         0x0800108f   Thumb Code     0  startup_stm32f10x_hd.o(.text)
    USART3_IRQHandler                        0x0800108f   Thumb Code     0  startup_stm32f10x_hd.o(.text)
    USBWakeUp_IRQHandler                     0x0800108f   Thumb Code     0  startup_stm32f10x_hd.o(.text)
    USB_HP_CAN1_TX_IRQHandler                0x0800108f   Thumb Code     0  startup_stm32f10x_hd.o(.text)
    USB_LP_CAN1_RX0_IRQHandler               0x0800108f   Thumb Code     0  startup_stm32f10x_hd.o(.text)
    WWDG_IRQHandler                          0x0800108f   Thumb Code     0  startup_stm32f10x_hd.o(.text)
    __user_initial_stackheap                 0x08001091   Thumb Code     0  startup_stm32f10x_hd.o(.text)
    GPIO_DeInit                              0x080010b5   Thumb Code   172  stm32f10x_gpio.o(.text)
    GPIO_AFIODeInit                          0x08001161   Thumb Code    20  stm32f10x_gpio.o(.text)
    GPIO_Init                                0x08001175   Thumb Code   278  stm32f10x_gpio.o(.text)
    GPIO_StructInit                          0x0800128b   Thumb Code    16  stm32f10x_gpio.o(.text)
    GPIO_ReadInputDataBit                    0x0800129b   Thumb Code    18  stm32f10x_gpio.o(.text)
    GPIO_ReadInputData                       0x080012ad   Thumb Code     8  stm32f10x_gpio.o(.text)
    GPIO_ReadOutputDataBit                   0x080012b5   Thumb Code    18  stm32f10x_gpio.o(.text)
    GPIO_ReadOutputData                      0x080012c7   Thumb Code     8  stm32f10x_gpio.o(.text)
    GPIO_SetBits                             0x080012cf   Thumb Code     4  stm32f10x_gpio.o(.text)
    GPIO_ResetBits                           0x080012d3   Thumb Code     4  stm32f10x_gpio.o(.text)
    GPIO_WriteBit                            0x080012d7   Thumb Code    10  stm32f10x_gpio.o(.text)
    GPIO_Write                               0x080012e1   Thumb Code     4  stm32f10x_gpio.o(.text)
    GPIO_PinLockConfig                       0x080012e5   Thumb Code    18  stm32f10x_gpio.o(.text)
    GPIO_EventOutputConfig                   0x080012f7   Thumb Code    26  stm32f10x_gpio.o(.text)
    GPIO_EventOutputCmd                      0x08001311   Thumb Code     6  stm32f10x_gpio.o(.text)
    GPIO_PinRemapConfig                      0x08001317   Thumb Code   138  stm32f10x_gpio.o(.text)
    GPIO_EXTILineConfig                      0x080013a1   Thumb Code    66  stm32f10x_gpio.o(.text)
    GPIO_ETH_MediaInterfaceConfig            0x080013e3   Thumb Code     8  stm32f10x_gpio.o(.text)
    RCC_DeInit                               0x08001411   Thumb Code    64  stm32f10x_rcc.o(.text)
    RCC_HSEConfig                            0x08001451   Thumb Code    70  stm32f10x_rcc.o(.text)
    RCC_GetFlagStatus                        0x08001497   Thumb Code    56  stm32f10x_rcc.o(.text)
    RCC_WaitForHSEStartUp                    0x080014cf   Thumb Code    56  stm32f10x_rcc.o(.text)
    RCC_AdjustHSICalibrationValue            0x08001507   Thumb Code    20  stm32f10x_rcc.o(.text)
    RCC_HSICmd                               0x0800151b   Thumb Code     6  stm32f10x_rcc.o(.text)
    RCC_PLLConfig                            0x08001521   Thumb Code    24  stm32f10x_rcc.o(.text)
    RCC_PLLCmd                               0x08001539   Thumb Code     6  stm32f10x_rcc.o(.text)
    RCC_SYSCLKConfig                         0x0800153f   Thumb Code    18  stm32f10x_rcc.o(.text)
    RCC_GetSYSCLKSource                      0x08001551   Thumb Code    10  stm32f10x_rcc.o(.text)
    RCC_HCLKConfig                           0x0800155b   Thumb Code    18  stm32f10x_rcc.o(.text)
    RCC_PCLK1Config                          0x0800156d   Thumb Code    18  stm32f10x_rcc.o(.text)
    RCC_PCLK2Config                          0x0800157f   Thumb Code    20  stm32f10x_rcc.o(.text)
    RCC_ITConfig                             0x08001593   Thumb Code    26  stm32f10x_rcc.o(.text)
    RCC_USBCLKConfig                         0x080015ad   Thumb Code     8  stm32f10x_rcc.o(.text)
    RCC_ADCCLKConfig                         0x080015b5   Thumb Code    18  stm32f10x_rcc.o(.text)
    RCC_LSEConfig                            0x080015c7   Thumb Code    50  stm32f10x_rcc.o(.text)
    RCC_LSICmd                               0x080015f9   Thumb Code     6  stm32f10x_rcc.o(.text)
    RCC_RTCCLKConfig                         0x080015ff   Thumb Code    12  stm32f10x_rcc.o(.text)
    RCC_RTCCLKCmd                            0x0800160b   Thumb Code     8  stm32f10x_rcc.o(.text)
    RCC_GetClocksFreq                        0x08001613   Thumb Code   192  stm32f10x_rcc.o(.text)
    RCC_AHBPeriphClockCmd                    0x080016d3   Thumb Code    26  stm32f10x_rcc.o(.text)
    RCC_APB2PeriphClockCmd                   0x080016ed   Thumb Code    26  stm32f10x_rcc.o(.text)
    RCC_APB1PeriphClockCmd                   0x08001707   Thumb Code    26  stm32f10x_rcc.o(.text)
    RCC_APB2PeriphResetCmd                   0x08001721   Thumb Code    26  stm32f10x_rcc.o(.text)
    RCC_APB1PeriphResetCmd                   0x0800173b   Thumb Code    26  stm32f10x_rcc.o(.text)
    RCC_BackupResetCmd                       0x08001755   Thumb Code     8  stm32f10x_rcc.o(.text)
    RCC_ClockSecuritySystemCmd               0x0800175d   Thumb Code     6  stm32f10x_rcc.o(.text)
    RCC_MCOConfig                            0x08001763   Thumb Code     6  stm32f10x_rcc.o(.text)
    RCC_ClearFlag                            0x08001769   Thumb Code    14  stm32f10x_rcc.o(.text)
    RCC_GetITStatus                          0x08001777   Thumb Code    20  stm32f10x_rcc.o(.text)
    RCC_ClearITPendingBit                    0x0800178b   Thumb Code     6  stm32f10x_rcc.o(.text)
    USART_DeInit                             0x080017b5   Thumb Code   134  stm32f10x_usart.o(.text)
    USART_Init                               0x0800183b   Thumb Code   210  stm32f10x_usart.o(.text)
    USART_StructInit                         0x0800190d   Thumb Code    24  stm32f10x_usart.o(.text)
    USART_ClockInit                          0x08001925   Thumb Code    34  stm32f10x_usart.o(.text)
    USART_ClockStructInit                    0x08001947   Thumb Code    12  stm32f10x_usart.o(.text)
    USART_Cmd                                0x08001953   Thumb Code    24  stm32f10x_usart.o(.text)
    USART_ITConfig                           0x0800196b   Thumb Code    74  stm32f10x_usart.o(.text)
    USART_DMACmd                             0x080019b5   Thumb Code    18  stm32f10x_usart.o(.text)
    USART_SetAddress                         0x080019c7   Thumb Code    18  stm32f10x_usart.o(.text)
    USART_WakeUpConfig                       0x080019d9   Thumb Code    18  stm32f10x_usart.o(.text)
    USART_ReceiverWakeUpCmd                  0x080019eb   Thumb Code    24  stm32f10x_usart.o(.text)
    USART_LINBreakDetectLengthConfig         0x08001a03   Thumb Code    18  stm32f10x_usart.o(.text)
    USART_LINCmd                             0x08001a15   Thumb Code    24  stm32f10x_usart.o(.text)
    USART_SendData                           0x08001a2d   Thumb Code     8  stm32f10x_usart.o(.text)
    USART_ReceiveData                        0x08001a35   Thumb Code    10  stm32f10x_usart.o(.text)
    USART_SendBreak                          0x08001a3f   Thumb Code    10  stm32f10x_usart.o(.text)
    USART_SetGuardTime                       0x08001a49   Thumb Code    16  stm32f10x_usart.o(.text)
    USART_SetPrescaler                       0x08001a59   Thumb Code    16  stm32f10x_usart.o(.text)
    USART_SmartCardCmd                       0x08001a69   Thumb Code    24  stm32f10x_usart.o(.text)
    USART_SmartCardNACKCmd                   0x08001a81   Thumb Code    24  stm32f10x_usart.o(.text)
    USART_HalfDuplexCmd                      0x08001a99   Thumb Code    24  stm32f10x_usart.o(.text)
    USART_OverSampling8Cmd                   0x08001ab1   Thumb Code    22  stm32f10x_usart.o(.text)
    USART_OneBitMethodCmd                    0x08001ac7   Thumb Code    24  stm32f10x_usart.o(.text)
    USART_IrDAConfig                         0x08001adf   Thumb Code    18  stm32f10x_usart.o(.text)
    USART_IrDACmd                            0x08001af1   Thumb Code    24  stm32f10x_usart.o(.text)
    USART_GetFlagStatus                      0x08001b09   Thumb Code    26  stm32f10x_usart.o(.text)
    USART_ClearFlag                          0x08001b23   Thumb Code    18  stm32f10x_usart.o(.text)
    USART_GetITStatus                        0x08001b35   Thumb Code    84  stm32f10x_usart.o(.text)
    USART_ClearITPendingBit                  0x08001b89   Thumb Code    52  stm32f10x_usart.o(.text)
    NVIC_PriorityGroupConfig                 0x08001bbd   Thumb Code    10  misc.o(.text)
    NVIC_Init                                0x08001bc7   Thumb Code   100  misc.o(.text)
    NVIC_SetVectorTable                      0x08001c2b   Thumb Code    14  misc.o(.text)
    NVIC_SystemLPConfig                      0x08001c39   Thumb Code    34  misc.o(.text)
    SysTick_CLKSourceConfig                  0x08001c5b   Thumb Code    40  misc.o(.text)
    TIM_DeInit                               0x08001c99   Thumb Code   424  stm32f10x_tim.o(.text)
    TIM_TimeBaseInit                         0x08001e41   Thumb Code   122  stm32f10x_tim.o(.text)
    TIM_OC1Init                              0x08001ebb   Thumb Code   132  stm32f10x_tim.o(.text)
    TIM_OC2Init                              0x08001f3f   Thumb Code   154  stm32f10x_tim.o(.text)
    TIM_OC3Init                              0x08001fd9   Thumb Code   150  stm32f10x_tim.o(.text)
    TIM_OC4Init                              0x0800206f   Thumb Code   182  stm32f10x_tim.o(.text)
    TIM_SetIC4Prescaler                      0x08002125   Thumb Code    26  stm32f10x_tim.o(.text)
    TIM_SetIC3Prescaler                      0x080021c1   Thumb Code    18  stm32f10x_tim.o(.text)
    TIM_SetIC2Prescaler                      0x0800224d   Thumb Code    26  stm32f10x_tim.o(.text)
    TIM_SetIC1Prescaler                      0x080022e9   Thumb Code    18  stm32f10x_tim.o(.text)
    TIM_ICInit                               0x08002367   Thumb Code   150  stm32f10x_tim.o(.text)
    TIM_PWMIConfig                           0x080023fd   Thumb Code   124  stm32f10x_tim.o(.text)
    TIM_BDTRConfig                           0x08002479   Thumb Code    32  stm32f10x_tim.o(.text)
    TIM_TimeBaseStructInit                   0x08002499   Thumb Code    18  stm32f10x_tim.o(.text)
    TIM_OCStructInit                         0x080024ab   Thumb Code    20  stm32f10x_tim.o(.text)
    TIM_ICStructInit                         0x080024bf   Thumb Code    18  stm32f10x_tim.o(.text)
    TIM_BDTRStructInit                       0x080024d1   Thumb Code    40  stm32f10x_tim.o(.text)
    TIM_Cmd                                  0x080024f9   Thumb Code    24  stm32f10x_tim.o(.text)
    TIM_CtrlPWMOutputs                       0x08002511   Thumb Code    30  stm32f10x_tim.o(.text)
    TIM_ITConfig                             0x0800252f   Thumb Code    18  stm32f10x_tim.o(.text)
    TIM_GenerateEvent                        0x08002541   Thumb Code     4  stm32f10x_tim.o(.text)
    TIM_DMAConfig                            0x08002545   Thumb Code    10  stm32f10x_tim.o(.text)
    TIM_DMACmd                               0x0800254f   Thumb Code    18  stm32f10x_tim.o(.text)
    TIM_InternalClockConfig                  0x08002561   Thumb Code    12  stm32f10x_tim.o(.text)
    TIM_SelectInputTrigger                   0x0800256d   Thumb Code    18  stm32f10x_tim.o(.text)
    TIM_ITRxExternalClockConfig              0x0800257f   Thumb Code    24  stm32f10x_tim.o(.text)
    TIM_TIxExternalClockConfig               0x08002597   Thumb Code    62  stm32f10x_tim.o(.text)
    TIM_ETRConfig                            0x080025d5   Thumb Code    28  stm32f10x_tim.o(.text)
    TIM_ETRClockMode1Config                  0x080025f1   Thumb Code    54  stm32f10x_tim.o(.text)
    TIM_ETRClockMode2Config                  0x08002627   Thumb Code    32  stm32f10x_tim.o(.text)
    TIM_PrescalerConfig                      0x08002647   Thumb Code     6  stm32f10x_tim.o(.text)
    TIM_CounterModeConfig                    0x0800264d   Thumb Code    18  stm32f10x_tim.o(.text)
    TIM_EncoderInterfaceConfig               0x0800265f   Thumb Code    66  stm32f10x_tim.o(.text)
    TIM_ForcedOC1Config                      0x080026a1   Thumb Code    18  stm32f10x_tim.o(.text)
    TIM_ForcedOC2Config                      0x080026b3   Thumb Code    26  stm32f10x_tim.o(.text)
    TIM_ForcedOC3Config                      0x080026cd   Thumb Code    18  stm32f10x_tim.o(.text)
    TIM_ForcedOC4Config                      0x080026df   Thumb Code    26  stm32f10x_tim.o(.text)
    TIM_ARRPreloadConfig                     0x080026f9   Thumb Code    24  stm32f10x_tim.o(.text)
    TIM_SelectCOM                            0x08002711   Thumb Code    24  stm32f10x_tim.o(.text)
    TIM_SelectCCDMA                          0x08002729   Thumb Code    24  stm32f10x_tim.o(.text)
    TIM_CCPreloadControl                     0x08002741   Thumb Code    24  stm32f10x_tim.o(.text)
    TIM_OC1PreloadConfig                     0x08002759   Thumb Code    18  stm32f10x_tim.o(.text)
    TIM_OC2PreloadConfig                     0x0800276b   Thumb Code    26  stm32f10x_tim.o(.text)
    TIM_OC3PreloadConfig                     0x08002785   Thumb Code    18  stm32f10x_tim.o(.text)
    TIM_OC4PreloadConfig                     0x08002797   Thumb Code    26  stm32f10x_tim.o(.text)
    TIM_OC1FastConfig                        0x080027b1   Thumb Code    18  stm32f10x_tim.o(.text)
    TIM_OC2FastConfig                        0x080027c3   Thumb Code    26  stm32f10x_tim.o(.text)
    TIM_OC3FastConfig                        0x080027dd   Thumb Code    18  stm32f10x_tim.o(.text)
    TIM_OC4FastConfig                        0x080027ef   Thumb Code    26  stm32f10x_tim.o(.text)
    TIM_ClearOC1Ref                          0x08002809   Thumb Code    18  stm32f10x_tim.o(.text)
    TIM_ClearOC2Ref                          0x0800281b   Thumb Code    24  stm32f10x_tim.o(.text)
    TIM_ClearOC3Ref                          0x08002833   Thumb Code    18  stm32f10x_tim.o(.text)
    TIM_ClearOC4Ref                          0x08002845   Thumb Code    24  stm32f10x_tim.o(.text)
    TIM_OC1PolarityConfig                    0x0800285d   Thumb Code    18  stm32f10x_tim.o(.text)
    TIM_OC1NPolarityConfig                   0x0800286f   Thumb Code    18  stm32f10x_tim.o(.text)
    TIM_OC2PolarityConfig                    0x08002881   Thumb Code    26  stm32f10x_tim.o(.text)
    TIM_OC2NPolarityConfig                   0x0800289b   Thumb Code    26  stm32f10x_tim.o(.text)
    TIM_OC3PolarityConfig                    0x080028b5   Thumb Code    26  stm32f10x_tim.o(.text)
    TIM_OC3NPolarityConfig                   0x080028cf   Thumb Code    26  stm32f10x_tim.o(.text)
    TIM_OC4PolarityConfig                    0x080028e9   Thumb Code    26  stm32f10x_tim.o(.text)
    TIM_CCxCmd                               0x08002903   Thumb Code    30  stm32f10x_tim.o(.text)
    TIM_CCxNCmd                              0x08002921   Thumb Code    30  stm32f10x_tim.o(.text)
    TIM_SelectOCxM                           0x0800293f   Thumb Code    82  stm32f10x_tim.o(.text)
    TIM_UpdateDisableConfig                  0x08002991   Thumb Code    24  stm32f10x_tim.o(.text)
    TIM_UpdateRequestConfig                  0x080029a9   Thumb Code    24  stm32f10x_tim.o(.text)
    TIM_SelectHallSensor                     0x080029c1   Thumb Code    24  stm32f10x_tim.o(.text)
    TIM_SelectOnePulseMode                   0x080029d9   Thumb Code    18  stm32f10x_tim.o(.text)
    TIM_SelectOutputTrigger                  0x080029eb   Thumb Code    18  stm32f10x_tim.o(.text)
    TIM_SelectSlaveMode                      0x080029fd   Thumb Code    18  stm32f10x_tim.o(.text)
    TIM_SelectMasterSlaveMode                0x08002a0f   Thumb Code    18  stm32f10x_tim.o(.text)
    TIM_SetCounter                           0x08002a21   Thumb Code     4  stm32f10x_tim.o(.text)
    TIM_SetAutoreload                        0x08002a25   Thumb Code     4  stm32f10x_tim.o(.text)
    TIM_SetCompare1                          0x08002a29   Thumb Code     4  stm32f10x_tim.o(.text)
    TIM_SetCompare2                          0x08002a2d   Thumb Code     4  stm32f10x_tim.o(.text)
    TIM_SetCompare3                          0x08002a31   Thumb Code     4  stm32f10x_tim.o(.text)
    TIM_SetCompare4                          0x08002a35   Thumb Code     6  stm32f10x_tim.o(.text)
    TIM_SetClockDivision                     0x08002a3b   Thumb Code    18  stm32f10x_tim.o(.text)
    TIM_GetCapture1                          0x08002a4d   Thumb Code     6  stm32f10x_tim.o(.text)
    TIM_GetCapture2                          0x08002a53   Thumb Code     6  stm32f10x_tim.o(.text)
    TIM_GetCapture3                          0x08002a59   Thumb Code     6  stm32f10x_tim.o(.text)
    TIM_GetCapture4                          0x08002a5f   Thumb Code     8  stm32f10x_tim.o(.text)
    TIM_GetCounter                           0x08002a67   Thumb Code     6  stm32f10x_tim.o(.text)
    TIM_GetPrescaler                         0x08002a6d   Thumb Code     6  stm32f10x_tim.o(.text)
    TIM_GetFlagStatus                        0x08002a73   Thumb Code    18  stm32f10x_tim.o(.text)
    TIM_ClearFlag                            0x08002a85   Thumb Code     6  stm32f10x_tim.o(.text)
    TIM_GetITStatus                          0x08002a8b   Thumb Code    34  stm32f10x_tim.o(.text)
    TIM_ClearITPendingBit                    0x08002aad   Thumb Code     6  stm32f10x_tim.o(.text)
    OS_TaskStatStkChk                        0x08002ab5   Thumb Code    54  os_core.o(.text)
    OS_TaskStat                              0x08002aeb   Thumb Code   116  os_core.o(.text)
    OS_TaskIdle                              0x08002b93   Thumb Code    34  os_core.o(.text)
    OS_MemClr                                0x08002be9   Thumb Code    18  os_core.o(.text)
    OSInit                                   0x08002d07   Thumb Code    44  os_core.o(.text)
    OSIntEnter                               0x08002d33   Thumb Code    28  os_core.o(.text)
    OSIntExit                                0x08002d69   Thumb Code   112  os_core.o(.text)
    OSSchedLock                              0x08002dd9   Thumb Code    50  os_core.o(.text)
    OS_Sched                                 0x08002e0b   Thumb Code    88  os_core.o(.text)
    OSSchedUnlock                            0x08002e63   Thumb Code   238  os_core.o(.text)
    OSStart                                  0x08002f51   Thumb Code    48  os_core.o(.text)
    OSStatInit                               0x08002f81   Thumb Code    62  os_core.o(.text)
    OSTimeTick                               0x08002fbf   Thumb Code   210  os_core.o(.text)
    OSVersion                                0x08003091   Thumb Code     6  os_core.o(.text)
    OS_Dummy                                 0x08003097   Thumb Code     2  os_core.o(.text)
    OS_EventTaskRemove                       0x08003099   Thumb Code    42  os_core.o(.text)
    OS_EventTaskRdy                          0x080030c3   Thumb Code   114  os_core.o(.text)
    OS_EventTaskWait                         0x08003135   Thumb Code   112  os_core.o(.text)
    OS_EventWaitListInit                     0x080031a5   Thumb Code    28  os_core.o(.text)
    OS_MemCopy                               0x080031c1   Thumb Code    20  os_core.o(.text)
    OS_StrLen                                0x080031d5   Thumb Code    20  os_core.o(.text)
    OS_TCBInit                               0x080031e9   Thumb Code   280  os_core.o(.text)
    OSFlagAccept                             0x08003345   Thumb Code   252  os_flag.o(.text)
    OSFlagCreate                             0x08003441   Thumb Code    86  os_flag.o(.text)
    OS_FlagUnlink                            0x08003497   Thumb Code    36  os_flag.o(.text)
    OSFlagDel                                0x0800350d   Thumb Code   214  os_flag.o(.text)
    OSFlagNameGet                            0x080035e3   Thumb Code    80  os_flag.o(.text)
    OSFlagNameSet                            0x08003633   Thumb Code    66  os_flag.o(.text)
    OSFlagPend                               0x0800370d   Thumb Code   614  os_flag.o(.text)
    OSFlagPendGetFlagsRdy                    0x08003973   Thumb Code    26  os_flag.o(.text)
    OSFlagPost                               0x0800398d   Thumb Code   312  os_flag.o(.text)
    OSFlagQuery                              0x08003ac5   Thumb Code    48  os_flag.o(.text)
    OS_FlagInit                              0x08003af5   Thumb Code    78  os_flag.o(.text)
    OSMboxAccept                             0x08003b51   Thumb Code    38  os_mbox.o(.text)
    OSMboxCreate                             0x08003b77   Thumb Code    68  os_mbox.o(.text)
    OSMboxDel                                0x08003bbb   Thumb Code   200  os_mbox.o(.text)
    OSMboxPend                               0x08003c83   Thumb Code   246  os_mbox.o(.text)
    OSMboxPendAbort                          0x08003d79   Thumb Code   128  os_mbox.o(.text)
    OSMboxPost                               0x08003df9   Thumb Code    80  os_mbox.o(.text)
    OSMboxPostOpt                            0x08003e49   Thumb Code   120  os_mbox.o(.text)
    OSMboxQuery                              0x08003ec1   Thumb Code    76  os_mbox.o(.text)
    OSQAccept                                0x08003f1d   Thumb Code    88  os_q.o(.text)
    OSQCreate                                0x08003f75   Thumb Code   140  os_q.o(.text)
    OSQDel                                   0x08004001   Thumb Code   236  os_q.o(.text)
    OSQFlush                                 0x080040ed   Thumb Code    36  os_q.o(.text)
    OSQPend                                  0x08004111   Thumb Code   272  os_q.o(.text)
    OSQPendAbort                             0x08004221   Thumb Code   128  os_q.o(.text)
    OSQPost                                  0x080042a1   Thumb Code   114  os_q.o(.text)
    OSQPostFront                             0x08004313   Thumb Code   136  os_q.o(.text)
    OSQPostOpt                               0x0800439b   Thumb Code   182  os_q.o(.text)
    OSQQuery                                 0x08004451   Thumb Code    98  os_q.o(.text)
    OS_QInit                                 0x080044b3   Thumb Code    72  os_q.o(.text)
    OSSemAccept                              0x08004505   Thumb Code    42  os_sem.o(.text)
    OSSemCreate                              0x0800452f   Thumb Code    68  os_sem.o(.text)
    OSSemDel                                 0x08004573   Thumb Code   200  os_sem.o(.text)
    OSSemPend                                0x0800463b   Thumb Code   222  os_sem.o(.text)
    OSSemPendAbort                           0x08004719   Thumb Code   128  os_sem.o(.text)
    OSSemPost                                0x08004799   Thumb Code    88  os_sem.o(.text)
    OSSemQuery                               0x080047f1   Thumb Code    76  os_sem.o(.text)
    OSSemSet                                 0x0800483d   Thumb Code    66  os_sem.o(.text)
    OSTaskChangePrio                         0x08004891   Thumb Code   308  os_task.o(.text)
    OSTaskCreate                             0x080049c5   Thumb Code   148  os_task.o(.text)
    OS_TaskStkClr                            0x08004a59   Thumb Code    26  os_task.o(.text)
    OSTaskCreateExt                          0x08004a73   Thumb Code   170  os_task.o(.text)
    OSTaskDel                                0x08004b1d   Thumb Code   294  os_task.o(.text)
    OSTaskDelReq                             0x08004c43   Thumb Code   144  os_task.o(.text)
    OSTaskNameGet                            0x08004cd3   Thumb Code   114  os_task.o(.text)
    OSTaskNameSet                            0x08004d45   Thumb Code    98  os_task.o(.text)
    OSTaskResume                             0x08004da7   Thumb Code   154  os_task.o(.text)
    OSTaskStkChk                             0x08004e41   Thumb Code   132  os_task.o(.text)
    OSTaskSuspend                            0x08004ec5   Thumb Code   152  os_task.o(.text)
    OSTaskQuery                              0x08004f5d   Thumb Code    82  os_task.o(.text)
    OSTaskRegGet                             0x08004faf   Thumb Code    60  os_task.o(.text)
    OSTaskRegSet                             0x08004feb   Thumb Code    62  os_task.o(.text)
    OS_TaskReturn                            0x08005029   Thumb Code    18  os_task.o(.text)
    OSTimeDly                                0x08005055   Thumb Code   100  os_time.o(.text)
    OSTimeDlyHMSM                            0x080050b9   Thumb Code    86  os_time.o(.text)
    OSTimeDlyResume                          0x0800510f   Thumb Code   168  os_time.o(.text)
    OSTimeGet                                0x080051b7   Thumb Code    24  os_time.o(.text)
    OSTimeSet                                0x080051cf   Thumb Code    24  os_time.o(.text)
    OSInitHookBegin                          0x08005205   Thumb Code     2  os_cpu_c.o(.text)
    OSInitHookEnd                            0x08005207   Thumb Code     2  os_cpu_c.o(.text)
    OSTaskCreateHook                         0x08005209   Thumb Code     2  os_cpu_c.o(.text)
    OSTaskDelHook                            0x0800520b   Thumb Code     2  os_cpu_c.o(.text)
    OSTaskIdleHook                           0x0800520d   Thumb Code     2  os_cpu_c.o(.text)
    OSTaskStatHook                           0x0800520f   Thumb Code     2  os_cpu_c.o(.text)
    OSTaskStkInit                            0x08005211   Thumb Code   154  os_cpu_c.o(.text)
    OSTaskSwHook                             0x080052ab   Thumb Code     2  os_cpu_c.o(.text)
    OSTCBInitHook                            0x080052ad   Thumb Code     2  os_cpu_c.o(.text)
    OSTimeTickHook                           0x080052af   Thumb Code     2  os_cpu_c.o(.text)
    OSTaskReturnHook                         0x080052b1   Thumb Code     2  os_cpu_c.o(.text)
    OS_CPU_SR_Save                           0x080052b5   Thumb Code     0  os_cpu_a.o(.text)
    OS_CPU_SR_Restore                        0x080052bd   Thumb Code     0  os_cpu_a.o(.text)
    OSStartHighRdy                           0x080052c3   Thumb Code     0  os_cpu_a.o(.text)
    OSCtxSw                                  0x080052e5   Thumb Code     0  os_cpu_a.o(.text)
    OSIntCtxSw                               0x080052f3   Thumb Code     0  os_cpu_a.o(.text)
    PendSV_Handler                           0x08005303   Thumb Code     0  os_cpu_a.o(.text)
    __use_no_semihosting                     0x08005369   Thumb Code     2  use_no_semi_2.o(.text)
    __2printf                                0x0800536d   Thumb Code    20  noretval__2printf.o(.text)
    __printf                                 0x08005385   Thumb Code   104  __printf.o(.text)
    _printf_str                              0x080053ed   Thumb Code    82  _printf_str.o(.text)
    _printf_int_dec                          0x08005441   Thumb Code   100  _printf_dec.o(.text)
    strstr                                   0x080054b5   Thumb Code    36  strstr.o(.text)
    strlen                                   0x080054d9   Thumb Code    62  strlen.o(.text)
    __use_two_region_memory                  0x08005517   Thumb Code     2  heapauxi.o(.text)
    __rt_heap_escrow$2region                 0x08005519   Thumb Code     2  heapauxi.o(.text)
    __rt_heap_expand$2region                 0x0800551b   Thumb Code     2  heapauxi.o(.text)
    __I$use$semihosting                      0x0800551d   Thumb Code     0  use_no_semi.o(.text)
    __use_no_semihosting_swi                 0x0800551d   Thumb Code     2  use_no_semi.o(.text)
    _printf_int_common                       0x0800551f   Thumb Code   178  _printf_intcommon.o(.text)
    _printf_cs_common                        0x080055d1   Thumb Code    20  _printf_char.o(.text)
    _printf_char                             0x080055e5   Thumb Code    16  _printf_char.o(.text)
    _printf_string                           0x080055f5   Thumb Code     8  _printf_char.o(.text)
    _printf_char_file                        0x080055fd   Thumb Code    32  _printf_char_file.o(.text)
    _printf_char_common                      0x0800562b   Thumb Code    32  _printf_char_common.o(.text)
    ferror                                   0x08005651   Thumb Code     8  ferror.o(.text)
    __user_setup_stackheap                   0x08005659   Thumb Code    74  sys_stackheap_outer.o(.text)
    exit                                     0x080056a3   Thumb Code    12  exit.o(.text)
    __user_libspace                          0x080056b1   Thumb Code     8  libspace.o(.text)
    __user_perproc_libspace                  0x080056b1   Thumb Code     0  libspace.o(.text)
    __user_perthread_libspace                0x080056b1   Thumb Code     0  libspace.o(.text)
    OSUnMapTbl                               0x080056b8   Data         256  os_core.o(.constdata)
    Region$$Table$$Base                      0x080057b8   Number         0  anon$$obj.o(Region$$Table)
    Region$$Table$$Limit                     0x080057d8   Number         0  anon$$obj.o(Region$$Table)
    sem_per_PWM                              0x20000000   Data           4  main.o(.data)
    msg_ble_data                             0x20000004   Data           4  main.o(.data)
    msg_ble_contral                          0x20000008   Data           4  main.o(.data)
    msg_trouble_contral                      0x2000000c   Data           4  main.o(.data)
    flags_walk_contral                       0x20000010   Data           4  main.o(.data)
    flags_troubles                           0x20000014   Data           4  main.o(.data)
    SystemCoreClock                          0x20000018   Data           4  system_stm32f10x.o(.data)
    AHBPrescTable                            0x2000001c   Data          16  system_stm32f10x.o(.data)
    USART2_RX_STA                            0x2000002c   Data           2  ble-contral.o(.data)
    __stdout                                 0x20000034   Data           4  usart.o(.data)
    USART_RX_STA                             0x20000038   Data           2  usart.o(.data)
    OSCtxSwCtr                               0x20000050   Data           4  os_core.o(.data)
    OSEventFreeList                          0x20000054   Data           4  os_core.o(.data)
    OSFlagFreeList                           0x20000058   Data           4  os_core.o(.data)
    OSCPUUsage                               0x2000005c   Data           1  os_core.o(.data)
    OSIdleCtrMax                             0x20000060   Data           4  os_core.o(.data)
    OSIdleCtrRun                             0x20000064   Data           4  os_core.o(.data)
    OSStatRdy                                0x20000068   Data           1  os_core.o(.data)
    OSIntNesting                             0x20000069   Data           1  os_core.o(.data)
    OSLockNesting                            0x2000006a   Data           1  os_core.o(.data)
    OSPrioCur                                0x2000006b   Data           1  os_core.o(.data)
    OSPrioHighRdy                            0x2000006c   Data           1  os_core.o(.data)
    OSRdyGrp                                 0x2000006d   Data           1  os_core.o(.data)
    OSRdyTbl                                 0x2000006e   Data           8  os_core.o(.data)
    OSRunning                                0x20000076   Data           1  os_core.o(.data)
    OSTaskCtr                                0x20000077   Data           1  os_core.o(.data)
    OSIdleCtr                                0x20000078   Data           4  os_core.o(.data)
    OSTCBCur                                 0x2000007c   Data           4  os_core.o(.data)
    OSTCBFreeList                            0x20000080   Data           4  os_core.o(.data)
    OSTCBHighRdy                             0x20000084   Data           4  os_core.o(.data)
    OSTCBList                                0x20000088   Data           4  os_core.o(.data)
    OSTickStepState                          0x2000008c   Data           1  os_core.o(.data)
    OSQFreeList                              0x20000090   Data           4  os_core.o(.data)
    OSTime                                   0x20000094   Data           4  os_core.o(.data)
    START_TASK_STK                           0x20000098   Data         256  main.o(.bss)
    STATDISTANCE_TASK_STK                    0x20000198   Data         256  main.o(.bss)
    WALK_TASK_STK                            0x20000298   Data         256  main.o(.bss)
    BLECTRL_TASK_STK                         0x20000398   Data         256  main.o(.bss)
    TROUBLEDEAL_TASK_STK                     0x20000498   Data         256  main.o(.bss)
    LED0_TASK_STK                            0x20000598   Data         256  main.o(.bss)
    USART2_RX_BUF                            0x20000698   Data         200  ble-contral.o(.bss)
    USART_RX_BUF                             0x20000760   Data         200  usart.o(.bss)
    OSEventTbl                               0x20000828   Data         200  os_core.o(.bss)
    OSFlagTbl                                0x200008f0   Data          80  os_core.o(.bss)
    OSTaskStatStk                            0x20000940   Data         512  os_core.o(.bss)
    OSTaskIdleStk                            0x20000b40   Data         512  os_core.o(.bss)
    OSTCBPrioTbl                             0x20000d40   Data         256  os_core.o(.bss)
    OSTCBTbl                                 0x20000e40   Data        1008  os_core.o(.bss)
    OSQTbl                                   0x20001230   Data         120  os_core.o(.bss)
    __libspace_start                         0x200012a8   Data          96  libspace.o(.bss)
    __temporary_stack_top$libspace           0x20001308   Data           0  libspace.o(.bss)



==============================================================================

Memory Map of the image

  Image Entry point : 0x08000131

  Load Region LR_IROM1 (Base: 0x08000000, Size: 0x00005870, Max: 0x00080000, ABSOLUTE)

    Execution Region ER_IROM1 (Base: 0x08000000, Size: 0x000057d8, Max: 0x00080000, ABSOLUTE)

    Base Addr    Size         Type   Attr      Idx    E Section Name        Object

    0x08000000   0x00000130   Data   RO          296    RESET               startup_stm32f10x_hd.o
    0x08000130   0x00000008   Code   RO          547  * !!!main             c_w.l(__main.o)
    0x08000138   0x00000034   Code   RO          714    !!!scatter          c_w.l(__scatter.o)
    0x0800016c   0x0000001a   Code   RO          716    !!handler_copy      c_w.l(__scatter_copy.o)
    0x08000186   0x00000002   PAD
    0x08000188   0x0000001c   Code   RO          718    !!handler_zi        c_w.l(__scatter_zi.o)
    0x080001a4   0x00000000   Code   RO          540    .ARM.Collect$$_printf_percent$$00000000  c_w.l(_printf_percent.o)
    0x080001a4   0x00000006   Code   RO          539    .ARM.Collect$$_printf_percent$$00000009  c_w.l(_printf_d.o)
    0x080001aa   0x00000006   Code   RO          538    .ARM.Collect$$_printf_percent$$00000013  c_w.l(_printf_c.o)
    0x080001b0   0x00000004   Code   RO          558    .ARM.Collect$$_printf_percent$$00000017  c_w.l(_printf_percent_end.o)
    0x080001b4   0x00000002   Code   RO          591    .ARM.Collect$$libinit$$00000000  c_w.l(libinit.o)
    0x080001b6   0x00000000   Code   RO          598    .ARM.Collect$$libinit$$00000002  c_w.l(libinit2.o)
    0x080001b6   0x00000000   Code   RO          601    .ARM.Collect$$libinit$$00000008  c_w.l(libinit2.o)
    0x080001b6   0x00000000   Code   RO          603    .ARM.Collect$$libinit$$0000000A  c_w.l(libinit2.o)
    0x080001b6   0x00000000   Code   RO          605    .ARM.Collect$$libinit$$0000000C  c_w.l(libinit2.o)
    0x080001b6   0x00000000   Code   RO          608    .ARM.Collect$$libinit$$0000000F  c_w.l(libinit2.o)
    0x080001b6   0x00000000   Code   RO          610    .ARM.Collect$$libinit$$00000011  c_w.l(libinit2.o)
    0x080001b6   0x00000000   Code   RO          612    .ARM.Collect$$libinit$$00000013  c_w.l(libinit2.o)
    0x080001b6   0x00000000   Code   RO          614    .ARM.Collect$$libinit$$00000015  c_w.l(libinit2.o)
    0x080001b6   0x00000000   Code   RO          616    .ARM.Collect$$libinit$$00000017  c_w.l(libinit2.o)
    0x080001b6   0x00000000   Code   RO          618    .ARM.Collect$$libinit$$00000019  c_w.l(libinit2.o)
    0x080001b6   0x00000000   Code   RO          620    .ARM.Collect$$libinit$$0000001B  c_w.l(libinit2.o)
    0x080001b6   0x00000000   Code   RO          622    .ARM.Collect$$libinit$$0000001D  c_w.l(libinit2.o)
    0x080001b6   0x00000000   Code   RO          624    .ARM.Collect$$libinit$$0000001F  c_w.l(libinit2.o)
    0x080001b6   0x00000000   Code   RO          626    .ARM.Collect$$libinit$$00000021  c_w.l(libinit2.o)
    0x080001b6   0x00000000   Code   RO          628    .ARM.Collect$$libinit$$00000023  c_w.l(libinit2.o)
    0x080001b6   0x00000000   Code   RO          632    .ARM.Collect$$libinit$$0000002A  c_w.l(libinit2.o)
    0x080001b6   0x00000000   Code   RO          634    .ARM.Collect$$libinit$$0000002C  c_w.l(libinit2.o)
    0x080001b6   0x00000000   Code   RO          636    .ARM.Collect$$libinit$$0000002E  c_w.l(libinit2.o)
    0x080001b6   0x00000000   Code   RO          638    .ARM.Collect$$libinit$$00000030  c_w.l(libinit2.o)
    0x080001b6   0x00000002   Code   RO          639    .ARM.Collect$$libinit$$00000031  c_w.l(libinit2.o)
    0x080001b8   0x00000002   Code   RO          657    .ARM.Collect$$libshutdown$$00000000  c_w.l(libshutdown.o)
    0x080001ba   0x00000000   Code   RO          668    .ARM.Collect$$libshutdown$$00000003  c_w.l(libshutdown2.o)
    0x080001ba   0x00000000   Code   RO          671    .ARM.Collect$$libshutdown$$00000006  c_w.l(libshutdown2.o)
    0x080001ba   0x00000000   Code   RO          674    .ARM.Collect$$libshutdown$$00000009  c_w.l(libshutdown2.o)
    0x080001ba   0x00000000   Code   RO          676    .ARM.Collect$$libshutdown$$0000000B  c_w.l(libshutdown2.o)
    0x080001ba   0x00000000   Code   RO          679    .ARM.Collect$$libshutdown$$0000000E  c_w.l(libshutdown2.o)
    0x080001ba   0x00000002   Code   RO          680    .ARM.Collect$$libshutdown$$0000000F  c_w.l(libshutdown2.o)
    0x080001bc   0x00000000   Code   RO          551    .ARM.Collect$$rtentry$$00000000  c_w.l(rtentry.o)
    0x080001bc   0x00000000   Code   RO          560    .ARM.Collect$$rtentry$$00000002  c_w.l(rtentry2.o)
    0x080001bc   0x00000006   Code   RO          572    .ARM.Collect$$rtentry$$00000004  c_w.l(rtentry4.o)
    0x080001c2   0x00000000   Code   RO          562    .ARM.Collect$$rtentry$$00000009  c_w.l(rtentry2.o)
    0x080001c2   0x00000004   Code   RO          563    .ARM.Collect$$rtentry$$0000000A  c_w.l(rtentry2.o)
    0x080001c6   0x00000000   Code   RO          565    .ARM.Collect$$rtentry$$0000000C  c_w.l(rtentry2.o)
    0x080001c6   0x00000008   Code   RO          566    .ARM.Collect$$rtentry$$0000000D  c_w.l(rtentry2.o)
    0x080001ce   0x00000002   Code   RO          595    .ARM.Collect$$rtexit$$00000000  c_w.l(rtexit.o)
    0x080001d0   0x00000000   Code   RO          641    .ARM.Collect$$rtexit$$00000002  c_w.l(rtexit2.o)
    0x080001d0   0x00000004   Code   RO          642    .ARM.Collect$$rtexit$$00000003  c_w.l(rtexit2.o)
    0x080001d4   0x00000006   Code   RO          643    .ARM.Collect$$rtexit$$00000004  c_w.l(rtexit2.o)
    0x080001da   0x00000002   PAD
    0x080001dc   0x00000484   Code   RO            1    .text               main.o
    0x08000660   0x00000016   Code   RO          109    .text               stm32f10x_it.o
    0x08000676   0x00000002   PAD
    0x08000678   0x000001e0   Code   RO          141    .text               system_stm32f10x.o
    0x08000858   0x000001b0   Code   RO          159    .text               walk-contral.o
    0x08000a08   0x00000268   Code   RO          189    .text               ble-contral.o
    0x08000c70   0x0000003c   Code   RO          209    .text               led.o
    0x08000cac   0x00000178   Code   RO          221    .text               pwm.o
    0x08000e24   0x000000f4   Code   RO          234    .text               delay.o
    0x08000f18   0x0000000c   Code   RO          248    .text               sys.o
    0x08000f24   0x00000150   Code   RO          260    .text               usart.o
    0x08001074   0x00000040   Code   RO          297    .text               startup_stm32f10x_hd.o
    0x080010b4   0x0000035c   Code   RO          301    .text               stm32f10x_gpio.o
    0x08001410   0x000003a4   Code   RO          313    .text               stm32f10x_rcc.o
    0x080017b4   0x00000408   Code   RO          327    .text               stm32f10x_usart.o
    0x08001bbc   0x000000dc   Code   RO          339    .text               misc.o
    0x08001c98   0x00000e1a   Code   RO          351    .text               stm32f10x_tim.o
    0x08002ab2   0x00000002   PAD
    0x08002ab4   0x00000890   Code   RO          363    .text               os_core.o
    0x08003344   0x0000080c   Code   RO          383    .text               os_flag.o
    0x08003b50   0x000003cc   Code   RO          395    .text               os_mbox.o
    0x08003f1c   0x000005e8   Code   RO          425    .text               os_q.o
    0x08004504   0x0000038c   Code   RO          437    .text               os_sem.o
    0x08004890   0x000007c4   Code   RO          449    .text               os_task.o
    0x08005054   0x000001b0   Code   RO          461    .text               os_time.o
    0x08005204   0x000000ae   Code   RO          479    .text               os_cpu_c.o
    0x080052b2   0x00000002   PAD
    0x080052b4   0x000000b4   Code   RO          501    .text               os_cpu_a.o
    0x08005368   0x00000002   Code   RO          506    .text               c_w.l(use_no_semi_2.o)
    0x0800536a   0x00000002   PAD
    0x0800536c   0x00000018   Code   RO          510    .text               c_w.l(noretval__2printf.o)
    0x08005384   0x00000068   Code   RO          512    .text               c_w.l(__printf.o)
    0x080053ec   0x00000052   Code   RO          514    .text               c_w.l(_printf_str.o)
    0x0800543e   0x00000002   PAD
    0x08005440   0x00000074   Code   RO          516    .text               c_w.l(_printf_dec.o)
    0x080054b4   0x00000024   Code   RO          541    .text               c_w.l(strstr.o)
    0x080054d8   0x0000003e   Code   RO          543    .text               c_w.l(strlen.o)
    0x08005516   0x00000006   Code   RO          545    .text               c_w.l(heapauxi.o)
    0x0800551c   0x00000002   Code   RO          549    .text               c_w.l(use_no_semi.o)
    0x0800551e   0x000000b2   Code   RO          552    .text               c_w.l(_printf_intcommon.o)
    0x080055d0   0x0000002c   Code   RO          554    .text               c_w.l(_printf_char.o)
    0x080055fc   0x00000024   Code   RO          556    .text               c_w.l(_printf_char_file.o)
    0x08005620   0x00000030   Code   RO          574    .text               c_w.l(_printf_char_common.o)
    0x08005650   0x00000008   Code   RO          576    .text               c_w.l(ferror.o)
    0x08005658   0x0000004a   Code   RO          580    .text               c_w.l(sys_stackheap_outer.o)
    0x080056a2   0x0000000c   Code   RO          584    .text               c_w.l(exit.o)
    0x080056ae   0x00000002   PAD
    0x080056b0   0x00000008   Code   RO          592    .text               c_w.l(libspace.o)
    0x080056b8   0x00000100   Data   RO          365    .constdata          os_core.o
    0x080057b8   0x00000020   Data   RO          712    Region$$Table       anon$$obj.o


    Execution Region RW_IRAM1 (Base: 0x20000000, Size: 0x00001908, Max: 0x00010000, ABSOLUTE)

    Base Addr    Size         Type   Attr      Idx    E Section Name        Object

    0x20000000   0x00000018   Data   RW            3    .data               main.o
    0x20000018   0x00000014   Data   RW          142    .data               system_stm32f10x.o
    0x2000002c   0x00000002   Data   RW          191    .data               ble-contral.o
    0x2000002e   0x00000004   Data   RW          235    .data               delay.o
    0x20000032   0x00000002   PAD
    0x20000034   0x00000006   Data   RW          262    .data               usart.o
    0x2000003a   0x00000014   Data   RW          314    .data               stm32f10x_rcc.o
    0x2000004e   0x00000002   PAD
    0x20000050   0x00000048   Data   RW          366    .data               os_core.o
    0x20000098   0x00000600   Zero   RW            2    .bss                main.o
    0x20000698   0x000000c8   Zero   RW          190    .bss                ble-contral.o
    0x20000760   0x000000c8   Zero   RW          261    .bss                usart.o
    0x20000828   0x00000a80   Zero   RW          364    .bss                os_core.o
    0x200012a8   0x00000060   Zero   RW          593    .bss                c_w.l(libspace.o)
    0x20001308   0x00000200   Zero   RW          295    HEAP                startup_stm32f10x_hd.o
    0x20001508   0x00000400   Zero   RW          294    STACK               startup_stm32f10x_hd.o


==============================================================================

Image component sizes


      Code (inc. data)   RO Data    RW Data    ZI Data      Debug   Object Name

       616         22          0          2        200       2882   ble-contral.o
         0          0          0          0          0         32   core_cm3.o
       244         20          0          4          0       1319   delay.o
        60          6          0          0          0        613   led.o
      1156        458          0         24       1536     265527   main.o
       220         22          0          0          0       1821   misc.o
      2192        218        256         72       2688      14871   os_core.o
       180         36          0          0          0        316   os_cpu_a.o
       174          0          0          0          0      10438   os_cpu_c.o
      2060         42          0          0          0       6804   os_flag.o
       972         16          0          0          0       4130   os_mbox.o
      1512         30          0          0          0       5533   os_q.o
       908         18          0          0          0       3874   os_sem.o
      1988         70          0          0          0       7469   os_task.o
       432         30          0          0          0       1782   os_time.o
       376         16          0          0          0       1547   pwm.o
        64         26        304          0       1536        784   startup_stm32f10x_hd.o
       860         38          0          0          0       5665   stm32f10x_gpio.o
        22          0          0          0          0       1007   stm32f10x_it.o
       932         36          0         20          0       8848   stm32f10x_rcc.o
      3610         88          0          0          0      22152   stm32f10x_tim.o
      1032         22          0          0          0       8392   stm32f10x_usart.o
        12          0          0          0          0        461   sys.o
       480         38          0         20          0       1767   system_stm32f10x.o
       336         18          0          6        200       3218   usart.o
       432         18          0          0          0       2260   walk-contral.o

    ----------------------------------------------------------------------
     20876       1288        592        152       6160     383512   Object Totals
         0          0         32          0          0          0   (incl. Generated)
         6          0          0          4          0          0   (incl. Padding)

    ----------------------------------------------------------------------

      Code (inc. data)   RO Data    RW Data    ZI Data      Debug   Library Member Name

         8          0          0          0          0         68   __main.o
       104          0          0          0          0         84   __printf.o
        52          8          0          0          0          0   __scatter.o
        26          0          0          0          0          0   __scatter_copy.o
        28          0          0          0          0          0   __scatter_zi.o
         6          0          0          0          0          0   _printf_c.o
        44          0          0          0          0        108   _printf_char.o
        48          6          0          0          0         96   _printf_char_common.o
        36          4          0          0          0         80   _printf_char_file.o
         6          0          0          0          0          0   _printf_d.o
       116         16          0          0          0         92   _printf_dec.o
       178          0          0          0          0         88   _printf_intcommon.o
         0          0          0          0          0          0   _printf_percent.o
         4          0          0          0          0          0   _printf_percent_end.o
        82          0          0          0          0         80   _printf_str.o
        12          0          0          0          0         72   exit.o
         8          0          0          0          0         68   ferror.o
         6          0          0          0          0        152   heapauxi.o
         2          0          0          0          0          0   libinit.o
         2          0          0          0          0          0   libinit2.o
         2          0          0          0          0          0   libshutdown.o
         2          0          0          0          0          0   libshutdown2.o
         8          4          0          0         96         68   libspace.o
        24          4          0          0          0         84   noretval__2printf.o
         0          0          0          0          0          0   rtentry.o
        12          0          0          0          0          0   rtentry2.o
         6          0          0          0          0          0   rtentry4.o
         2          0          0          0          0          0   rtexit.o
        10          0          0          0          0          0   rtexit2.o
        62          0          0          0          0         76   strlen.o
        36          0          0          0          0         80   strstr.o
        74          0          0          0          0         80   sys_stackheap_outer.o
         2          0          0          0          0         68   use_no_semi.o
         2          0          0          0          0         68   use_no_semi_2.o

    ----------------------------------------------------------------------
      1020         42          0          0         96       1512   Library Totals
        10          0          0          0          0          0   (incl. Padding)

    ----------------------------------------------------------------------

      Code (inc. data)   RO Data    RW Data    ZI Data      Debug   Library Name

      1010         42          0          0         96       1512   c_w.l

    ----------------------------------------------------------------------
      1020         42          0          0         96       1512   Library Totals

    ----------------------------------------------------------------------

==============================================================================


      Code (inc. data)   RO Data    RW Data    ZI Data      Debug   

     21896       1330        592        152       6256     382472   Grand Totals
     21896       1330        592        152       6256     382472   ELF Image Totals
     21896       1330        592        152          0          0   ROM Totals

==============================================================================

    Total RO  Size (Code + RO Data)                22488 (  21.96kB)
    Total RW  Size (RW Data + ZI Data)              6408 (   6.26kB)
    Total ROM Size (Code + RO Data + RW Data)      22640 (  22.11kB)

==============================================================================

